<html>
<body>
<pre>
<h1>礦ision Build Log</h1>
<h2>Tool Versions:</h2>
IDE-Version: μVision V5.24.2.0
Copyright (C) 2017 ARM Ltd and ARM Germany GmbH. All rights reserved.
License Information: EVEB EVEB, EVEB, LIC=65ISZ-J4SPH-QDTKD-852MH-6EJB5-BDHTI
 
Tool Versions:
Toolchain:       MDK-ARM Plus  Version: 5.24.1
Toolchain Path:  D:\Keil_v5\ARM\ARMCC\Bin
C Compiler:      Armcc.exe V5.06 update 5 (build 528)
Assembler:       Armasm.exe V5.06 update 5 (build 528)
Linker/Locator:  ArmLink.exe V5.06 update 5 (build 528)
Library Manager: ArmAr.exe V5.06 update 5 (build 528)
Hex Converter:   FromElf.exe V5.06 update 5 (build 528)
CPU DLL:         SARMCM3.DLL V5.24.1
Dialog DLL:      DCM.DLL V1.16.0.0
Target DLL:      STLink\ST-LINKIII-KEIL_SWO.dll V3.0.1.0
Dialog DLL:      TCM.DLL V1.32.0.0
 
<h2>Project:</h2>
C:\Users\yt\Desktop\实验35 摄像头实验\Projects\MDK-ARM\atk_f407.uvprojx
Project File Date:  11/28/2025

<h2>Output:</h2>
*** Using Compiler 'V5.06 update 5 (build 528)', folder: 'D:\Keil_v5\ARM\ARMCC\Bin'
Build target 'CAMERA'
compiling key.c...
compiling spot_detect.c...
..\..\Drivers\BSP\SERVO_TRACK\spot_detect.c(48): warning:  #550-D: variable "last_vx"  was set but never used
  static float last_vx = 0.0f;
..\..\Drivers\BSP\SERVO_TRACK\spot_detect.c(49): warning:  #550-D: variable "last_vy"  was set but never used
  static float last_vy = 0.0f;
..\..\Drivers\BSP\SERVO_TRACK\spot_detect.c(52): warning:  #550-D: variable "extreme_jump_count"  was set but never used
  static uint8_t extreme_jump_count = 0;
..\..\Drivers\BSP\SERVO_TRACK\spot_detect.c: 3 warnings, 0 errors
compiling main.c...
compiling servo_track.c...
..\..\Drivers\BSP\SERVO_TRACK\servo_track.c(79): warning:  #188-D: enumerated type mixed with another type
  static y_dir_t last_y_dir = (x_dir_t)255; // 未初始化标记
..\..\Drivers\BSP\SERVO_TRACK\servo_track.c: 1 warning, 0 errors
linking...
Program Size: Code=35408 RO-data=3480 RW-data=644 ZI-data=129588  
FromELF: creating hex file...
"..\..\Output\atk_f407.axf" - 0 Error(s), 4 Warning(s).

<h2>Software Packages used:</h2>

Package Vendor: Keil
                http://www.keil.com/pack/Keil.STM32F4xx_DFP.1.0.8.pack
                Keil.STM32F4xx_DFP.1.0.8
                STMicroelectronics STM32F4 Series Device Support, Drivers and Examples

<h2>Collection of Component include folders:</h2>
  .\RTE\_CAMERA
  D:\Keil_v5\ARM\PACK\Keil\STM32F4xx_DFP\1.0.8\Device\Include

<h2>Collection of Component Files used:</h2>
Build Time Elapsed:  00:00:17
</pre>
</body>
</html>
