Component: ARM Compiler 5.06 update 5 (build 528) Tool: armlink [4d35e2]

==============================================================================

Section Cross References

    startup_stm32f407xx.o(STACK) refers (Special) to heapauxi.o(.text) for __use_two_region_memory
    startup_stm32f407xx.o(HEAP) refers (Special) to heapauxi.o(.text) for __use_two_region_memory
    startup_stm32f407xx.o(RESET) refers (Special) to heapauxi.o(.text) for __use_two_region_memory
    startup_stm32f407xx.o(RESET) refers to startup_stm32f407xx.o(STACK) for __initial_sp
    startup_stm32f407xx.o(RESET) refers to startup_stm32f407xx.o(.text) for Reset_Handler
    startup_stm32f407xx.o(RESET) refers to stm32f4xx_it.o(i.NMI_Handler) for NMI_Handler
    startup_stm32f407xx.o(RESET) refers to stm32f4xx_it.o(i.HardFault_Handler) for HardFault_Handler
    startup_stm32f407xx.o(RESET) refers to stm32f4xx_it.o(i.MemManage_Handler) for MemManage_Handler
    startup_stm32f407xx.o(RESET) refers to stm32f4xx_it.o(i.BusFault_Handler) for BusFault_Handler
    startup_stm32f407xx.o(RESET) refers to stm32f4xx_it.o(i.UsageFault_Handler) for UsageFault_Handler
    startup_stm32f407xx.o(RESET) refers to stm32f4xx_it.o(i.SVC_Handler) for SVC_Handler
    startup_stm32f407xx.o(RESET) refers to stm32f4xx_it.o(i.DebugMon_Handler) for DebugMon_Handler
    startup_stm32f407xx.o(RESET) refers to stm32f4xx_it.o(i.PendSV_Handler) for PendSV_Handler
    startup_stm32f407xx.o(RESET) refers to stm32f4xx_it.o(i.SysTick_Handler) for SysTick_Handler
    startup_stm32f407xx.o(RESET) refers to usmart_port.o(i.TIM4_IRQHandler) for TIM4_IRQHandler
    startup_stm32f407xx.o(RESET) refers to usart.o(i.USART1_IRQHandler) for USART1_IRQHandler
    startup_stm32f407xx.o(RESET) refers to btim.o(i.TIM6_DAC_IRQHandler) for TIM6_DAC_IRQHandler
    startup_stm32f407xx.o(RESET) refers to dcmi.o(i.DMA2_Stream1_IRQHandler) for DMA2_Stream1_IRQHandler
    startup_stm32f407xx.o(RESET) refers to dcmi.o(i.DCMI_IRQHandler) for DCMI_IRQHandler
    startup_stm32f407xx.o(.text) refers (Special) to heapauxi.o(.text) for __use_two_region_memory
    startup_stm32f407xx.o(.text) refers to system_stm32f4xx.o(i.SystemInit) for SystemInit
    startup_stm32f407xx.o(.text) refers to __main.o(!!!main) for __main
    startup_stm32f407xx.o(.text) refers to startup_stm32f407xx.o(HEAP) for Heap_Mem
    startup_stm32f407xx.o(.text) refers to startup_stm32f407xx.o(STACK) for Stack_Mem
    stm32f4xx_hal.o(i.HAL_DeInit) refers to stm32f4xx_hal.o(i.HAL_MspDeInit) for HAL_MspDeInit
    stm32f4xx_hal.o(i.HAL_Delay) refers to stm32f4xx_hal.o(i.HAL_GetTick) for HAL_GetTick
    stm32f4xx_hal.o(i.HAL_Delay) refers to stm32f4xx_hal.o(.data) for uwTickFreq
    stm32f4xx_hal.o(i.HAL_GetTick) refers to stm32f4xx_hal.o(.data) for uwTick
    stm32f4xx_hal.o(i.HAL_GetTickFreq) refers to stm32f4xx_hal.o(.data) for uwTickFreq
    stm32f4xx_hal.o(i.HAL_GetTickPrio) refers to stm32f4xx_hal.o(.data) for uwTickPrio
    stm32f4xx_hal.o(i.HAL_IncTick) refers to stm32f4xx_hal.o(.data) for uwTick
    stm32f4xx_hal.o(i.HAL_Init) refers to stm32f4xx_hal_cortex.o(i.HAL_NVIC_SetPriorityGrouping) for HAL_NVIC_SetPriorityGrouping
    stm32f4xx_hal.o(i.HAL_Init) refers to stm32f4xx_hal.o(i.HAL_InitTick) for HAL_InitTick
    stm32f4xx_hal.o(i.HAL_Init) refers to stm32f4xx_hal.o(i.HAL_MspInit) for HAL_MspInit
    stm32f4xx_hal.o(i.HAL_InitTick) refers to stm32f4xx_hal_cortex.o(i.HAL_SYSTICK_Config) for HAL_SYSTICK_Config
    stm32f4xx_hal.o(i.HAL_InitTick) refers to stm32f4xx_hal_cortex.o(i.HAL_NVIC_SetPriority) for HAL_NVIC_SetPriority
    stm32f4xx_hal.o(i.HAL_InitTick) refers to stm32f4xx_hal.o(.data) for uwTickFreq
    stm32f4xx_hal.o(i.HAL_InitTick) refers to system_stm32f4xx.o(.data) for SystemCoreClock
    stm32f4xx_hal.o(i.HAL_SetTickFreq) refers to stm32f4xx_hal.o(i.HAL_InitTick) for HAL_InitTick
    stm32f4xx_hal.o(i.HAL_SetTickFreq) refers to stm32f4xx_hal.o(.data) for uwTickFreq
    stm32f4xx_hal_cortex.o(i.HAL_NVIC_GetPriorityGrouping) refers to stm32f4xx_hal_cortex.o(i.__NVIC_GetPriorityGrouping) for __NVIC_GetPriorityGrouping
    stm32f4xx_hal_cortex.o(i.HAL_NVIC_SetPriority) refers to stm32f4xx_hal_cortex.o(i.__NVIC_GetPriorityGrouping) for __NVIC_GetPriorityGrouping
    stm32f4xx_hal_cortex.o(i.HAL_NVIC_SetPriority) refers to stm32f4xx_hal_cortex.o(i.__NVIC_SetPriority) for __NVIC_SetPriority
    stm32f4xx_hal_cortex.o(i.HAL_SYSTICK_Config) refers to stm32f4xx_hal_cortex.o(i.__NVIC_SetPriority) for __NVIC_SetPriority
    stm32f4xx_hal_cortex.o(i.HAL_SYSTICK_IRQHandler) refers to stm32f4xx_hal_cortex.o(i.HAL_SYSTICK_Callback) for HAL_SYSTICK_Callback
    stm32f4xx_hal_gpio.o(i.HAL_GPIO_EXTI_IRQHandler) refers to stm32f4xx_hal_gpio.o(i.HAL_GPIO_EXTI_Callback) for HAL_GPIO_EXTI_Callback
    stm32f4xx_hal_rcc.o(i.HAL_RCC_ClockConfig) refers to stm32f4xx_hal.o(i.HAL_GetTick) for HAL_GetTick
[...]
    __rt_lib_init_lc_numeric_2               0x0800027d   Thumb Code     0  libinit2.o(.ARM.Collect$$libinit$$00000016)
    __rt_lib_init_alloca_1                   0x08000287   Thumb Code     0  libinit2.o(.ARM.Collect$$libinit$$0000002E)
    __rt_lib_init_argv_1                     0x08000287   Thumb Code     0  libinit2.o(.ARM.Collect$$libinit$$0000002C)
    __rt_lib_init_atexit_1                   0x08000287   Thumb Code     0  libinit2.o(.ARM.Collect$$libinit$$0000001B)
    __rt_lib_init_clock_1                    0x08000287   Thumb Code     0  libinit2.o(.ARM.Collect$$libinit$$00000021)
    __rt_lib_init_cpp_1                      0x08000287   Thumb Code     0  libinit2.o(.ARM.Collect$$libinit$$00000032)
    __rt_lib_init_exceptions_1               0x08000287   Thumb Code     0  libinit2.o(.ARM.Collect$$libinit$$00000030)
    __rt_lib_init_fp_trap_1                  0x08000287   Thumb Code     0  libinit2.o(.ARM.Collect$$libinit$$0000001F)
    __rt_lib_init_getenv_1                   0x08000287   Thumb Code     0  libinit2.o(.ARM.Collect$$libinit$$00000023)
    __rt_lib_init_lc_numeric_1               0x08000287   Thumb Code     0  libinit2.o(.ARM.Collect$$libinit$$00000017)
    __rt_lib_init_lc_time_1                  0x08000287   Thumb Code     0  libinit2.o(.ARM.Collect$$libinit$$00000019)
    __rt_lib_init_return                     0x08000287   Thumb Code     0  libinit2.o(.ARM.Collect$$libinit$$00000033)
    __rt_lib_init_signal_1                   0x08000287   Thumb Code     0  libinit2.o(.ARM.Collect$$libinit$$0000001D)
    __rt_lib_init_stdio_1                    0x08000287   Thumb Code     0  libinit2.o(.ARM.Collect$$libinit$$00000025)
    __rt_lib_shutdown                        0x08000289   Thumb Code     0  libshutdown.o(.ARM.Collect$$libshutdown$$00000000)
    __rt_lib_shutdown_cpp_1                  0x0800028b   Thumb Code     0  libshutdown2.o(.ARM.Collect$$libshutdown$$00000002)
    __rt_lib_shutdown_fp_trap_1              0x0800028b   Thumb Code     0  libshutdown2.o(.ARM.Collect$$libshutdown$$00000007)
    __rt_lib_shutdown_heap_1                 0x0800028b   Thumb Code     0  libshutdown2.o(.ARM.Collect$$libshutdown$$0000000F)
    __rt_lib_shutdown_return                 0x0800028b   Thumb Code     0  libshutdown2.o(.ARM.Collect$$libshutdown$$00000010)
    __rt_lib_shutdown_signal_1               0x0800028b   Thumb Code     0  libshutdown2.o(.ARM.Collect$$libshutdown$$0000000A)
    __rt_lib_shutdown_stdio_1                0x0800028b   Thumb Code     0  libshutdown2.o(.ARM.Collect$$libshutdown$$00000004)
    __rt_lib_shutdown_user_alloc_1           0x0800028b   Thumb Code     0  libshutdown2.o(.ARM.Collect$$libshutdown$$0000000C)
    __rt_entry                               0x0800028d   Thumb Code     0  __rtentry.o(.ARM.Collect$$rtentry$$00000000)
    __rt_entry_presh_1                       0x0800028d   Thumb Code     0  __rtentry2.o(.ARM.Collect$$rtentry$$00000002)
    __rt_entry_sh                            0x0800028d   Thumb Code     0  __rtentry4.o(.ARM.Collect$$rtentry$$00000004)
    __rt_entry_li                            0x08000293   Thumb Code     0  __rtentry2.o(.ARM.Collect$$rtentry$$0000000A)
    __rt_entry_postsh_1                      0x08000293   Thumb Code     0  __rtentry2.o(.ARM.Collect$$rtentry$$00000009)
    __rt_entry_main                          0x08000297   Thumb Code     0  __rtentry2.o(.ARM.Collect$$rtentry$$0000000D)
    __rt_entry_postli_1                      0x08000297   Thumb Code     0  __rtentry2.o(.ARM.Collect$$rtentry$$0000000C)
    __rt_exit                                0x0800029f   Thumb Code     0  rtexit.o(.ARM.Collect$$rtexit$$00000000)
    __rt_exit_ls                             0x080002a1   Thumb Code     0  rtexit2.o(.ARM.Collect$$rtexit$$00000003)
    __rt_exit_prels_1                        0x080002a1   Thumb Code     0  rtexit2.o(.ARM.Collect$$rtexit$$00000002)
    __rt_exit_exit                           0x080002a5   Thumb Code     0  rtexit2.o(.ARM.Collect$$rtexit$$00000004)
    Reset_Handler                            0x080002ad   Thumb Code    18  startup_stm32f407xx.o(.text)
    ADC_IRQHandler                           0x080002d1   Thumb Code     0  startup_stm32f407xx.o(.text)
    CAN1_RX0_IRQHandler                      0x080002d1   Thumb Code     0  startup_stm32f407xx.o(.text)
    CAN1_RX1_IRQHandler                      0x080002d1   Thumb Code     0  startup_stm32f407xx.o(.text)
    CAN1_SCE_IRQHandler                      0x080002d1   Thumb Code     0  startup_stm32f407xx.o(.text)
    CAN1_TX_IRQHandler                       0x080002d1   Thumb Code     0  startup_stm32f407xx.o(.text)
    CAN2_RX0_IRQHandler                      0x080002d1   Thumb Code     0  startup_stm32f407xx.o(.text)
    CAN2_RX1_IRQHandler                      0x080002d1   Thumb Code     0  startup_stm32f407xx.o(.text)
    CAN2_SCE_IRQHandler                      0x080002d1   Thumb Code     0  startup_stm32f407xx.o(.text)
    CAN2_TX_IRQHandler                       0x080002d1   Thumb Code     0  startup_stm32f407xx.o(.text)
    DMA1_Stream0_IRQHandler                  0x080002d1   Thumb Code     0  startup_stm32f407xx.o(.text)
    DMA1_Stream1_IRQHandler                  0x080002d1   Thumb Code     0  startup_stm32f407xx.o(.text)
    DMA1_Stream2_IRQHandler                  0x080002d1   Thumb Code     0  startup_stm32f407xx.o(.text)
    DMA1_Stream3_IRQHandler                  0x080002d1   Thumb Code     0  startup_stm32f407xx.o(.text)
    DMA1_Stream4_IRQHandler                  0x080002d1   Thumb Code     0  startup_stm32f407xx.o(.text)
    DMA1_Stream5_IRQHandler                  0x080002d1   Thumb Code     0  startup_stm32f407xx.o(.text)
    DMA1_Stream6_IRQHandler                  0x080002d1   Thumb Code     0  startup_stm32f407xx.o(.text)
    DMA1_Stream7_IRQHandler                  0x080002d1   Thumb Code     0  startup_stm32f407xx.o(.text)
    DMA2_Stream0_IRQHandler                  0x080002d1   Thumb Code     0  startup_stm32f407xx.o(.text)
    DMA2_Stream2_IRQHandler                  0x080002d1   Thumb Code     0  startup_stm32f407xx.o(.text)
    DMA2_Stream3_IRQHandler                  0x080002d1   Thumb Code     0  startup_stm32f407xx.o(.text)
    DMA2_Stream4_IRQHandler                  0x080002d1   Thumb Code     0  startup_stm32f407xx.o(.text)
    DMA2_Stream5_IRQHandler                  0x080002d1   Thumb Code     0  startup_stm32f407xx.o(.text)
    DMA2_Stream6_IRQHandler                  0x080002d1   Thumb Code     0  startup_stm32f407xx.o(.text)
    DMA2_Stream7_IRQHandler                  0x080002d1   Thumb Code     0  startup_stm32f407xx.o(.text)
    ETH_IRQHandler                           0x080002d1   Thumb Code     0  startup_stm32f407xx.o(.text)
    ETH_WKUP_IRQHandler                      0x080002d1   Thumb Code     0  startup_stm32f407xx.o(.text)
    EXTI0_IRQHandler                         0x080002d1   Thumb Code     0  startup_stm32f407xx.o(.text)
    EXTI15_10_IRQHandler                     0x080002d1   Thumb Code     0  startup_stm32f407xx.o(.text)
    EXTI1_IRQHandler                         0x080002d1   Thumb Code     0  startup_stm32f407xx.o(.text)
    EXTI2_IRQHandler                         0x080002d1   Thumb Code     0  startup_stm32f407xx.o(.text)
    EXTI3_IRQHandler                         0x080002d1   Thumb Code     0  startup_stm32f407xx.o(.text)
    EXTI4_IRQHandler                         0x080002d1   Thumb Code     0  startup_stm32f407xx.o(.text)
    EXTI9_5_IRQHandler                       0x080002d1   Thumb Code     0  startup_stm32f407xx.o(.text)
    FLASH_IRQHandler                         0x080002d1   Thumb Code     0  startup_stm32f407xx.o(.text)
    FMC_IRQHandler                           0x080002d1   Thumb Code     0  startup_stm32f407xx.o(.text)
    FPU_IRQHandler                           0x080002d1   Thumb Code     0  startup_stm32f407xx.o(.text)
    HASH_RNG_IRQHandler                      0x080002d1   Thumb Code     0  startup_stm32f407xx.o(.text)
    I2C1_ER_IRQHandler                       0x080002d1   Thumb Code     0  startup_stm32f407xx.o(.text)
    I2C1_EV_IRQHandler                       0x080002d1   Thumb Code     0  startup_stm32f407xx.o(.text)
    I2C2_ER_IRQHandler                       0x080002d1   Thumb Code     0  startup_stm32f407xx.o(.text)
    I2C2_EV_IRQHandler                       0x080002d1   Thumb Code     0  startup_stm32f407xx.o(.text)
    I2C3_ER_IRQHandler                       0x080002d1   Thumb Code     0  startup_stm32f407xx.o(.text)
    I2C3_EV_IRQHandler                       0x080002d1   Thumb Code     0  startup_stm32f407xx.o(.text)
    OTG_FS_IRQHandler                        0x080002d1   Thumb Code     0  startup_stm32f407xx.o(.text)
    OTG_FS_WKUP_IRQHandler                   0x080002d1   Thumb Code     0  startup_stm32f407xx.o(.text)
    OTG_HS_EP1_IN_IRQHandler                 0x080002d1   Thumb Code     0  startup_stm32f407xx.o(.text)
    OTG_HS_EP1_OUT_IRQHandler                0x080002d1   Thumb Code     0  startup_stm32f407xx.o(.text)
    OTG_HS_IRQHandler                        0x080002d1   Thumb Code     0  startup_stm32f407xx.o(.text)
    OTG_HS_WKUP_IRQHandler                   0x080002d1   Thumb Code     0  startup_stm32f407xx.o(.text)
    PVD_IRQHandler                           0x080002d1   Thumb Code     0  startup_stm32f407xx.o(.text)
    RCC_IRQHandler                           0x080002d1   Thumb Code     0  startup_stm32f407xx.o(.text)
    RTC_Alarm_IRQHandler                     0x080002d1   Thumb Code     0  startup_stm32f407xx.o(.text)
    RTC_WKUP_IRQHandler                      0x080002d1   Thumb Code     0  startup_stm32f407xx.o(.text)
    SDIO_IRQHandler                          0x080002d1   Thumb Code     0  startup_stm32f407xx.o(.text)
    SPI1_IRQHandler                          0x080002d1   Thumb Code     0  startup_stm32f407xx.o(.text)
    SPI2_IRQHandler                          0x080002d1   Thumb Code     0  startup_stm32f407xx.o(.text)
    SPI3_IRQHandler                          0x080002d1   Thumb Code     0  startup_stm32f407xx.o(.text)
    TAMP_STAMP_IRQHandler                    0x080002d1   Thumb Code     0  startup_stm32f407xx.o(.text)
    TIM1_BRK_TIM9_IRQHandler                 0x080002d1   Thumb Code     0  startup_stm32f407xx.o(.text)
    TIM1_CC_IRQHandler                       0x080002d1   Thumb Code     0  startup_stm32f407xx.o(.text)
    TIM1_TRG_COM_TIM11_IRQHandler            0x080002d1   Thumb Code     0  startup_stm32f407xx.o(.text)
    TIM1_UP_TIM10_IRQHandler                 0x080002d1   Thumb Code     0  startup_stm32f407xx.o(.text)
    TIM2_IRQHandler                          0x080002d1   Thumb Code     0  startup_stm32f407xx.o(.text)
    TIM3_IRQHandler                          0x080002d1   Thumb Code     0  startup_stm32f407xx.o(.text)
    TIM5_IRQHandler                          0x080002d1   Thumb Code     0  startup_stm32f407xx.o(.text)
    TIM7_IRQHandler                          0x080002d1   Thumb Code     0  startup_stm32f407xx.o(.text)
    TIM8_BRK_TIM12_IRQHandler                0x080002d1   Thumb Code     0  startup_stm32f407xx.o(.text)
    TIM8_CC_IRQHandler                       0x080002d1   Thumb Code     0  startup_stm32f407xx.o(.text)
    TIM8_TRG_COM_TIM14_IRQHandler            0x080002d1   Thumb Code     0  startup_stm32f407xx.o(.text)
    TIM8_UP_TIM13_IRQHandler                 0x080002d1   Thumb Code     0  startup_stm32f407xx.o(.text)
    UART4_IRQHandler                         0x080002d1   Thumb Code     0  startup_stm32f407xx.o(.text)
    UART5_IRQHandler                         0x080002d1   Thumb Code     0  startup_stm32f407xx.o(.text)
    USART2_IRQHandler                        0x080002d1   Thumb Code     0  startup_stm32f407xx.o(.text)
    USART3_IRQHandler                        0x080002d1   Thumb Code     0  startup_stm32f407xx.o(.text)
    USART6_IRQHandler                        0x080002d1   Thumb Code     0  startup_stm32f407xx.o(.text)
    WWDG_IRQHandler                          0x080002d1   Thumb Code     0  startup_stm32f407xx.o(.text)
    __user_initial_stackheap                 0x080002d5   Thumb Code     0  startup_stm32f407xx.o(.text)
    __use_no_semihosting                     0x080002f9   Thumb Code     2  use_no_semi_2.o(.text)
    __aeabi_uldivmod                         0x080002fb   Thumb Code     0  lludivv7m.o(.text)
    _ll_udiv                                 0x080002fb   Thumb Code   238  lludivv7m.o(.text)
    __2printf                                0x080003e9   Thumb Code    20  noretval__2printf.o(.text)
    __2sprintf                               0x08000401   Thumb Code    34  noretval__2sprintf.o(.text)
    _printf_pre_padding                      0x08000429   Thumb Code    44  _printf_pad.o(.text)
    _printf_post_padding                     0x08000455   Thumb Code    34  _printf_pad.o(.text)
    _printf_str                              0x08000477   Thumb Code    82  _printf_str.o(.text)
    _printf_int_dec                          0x080004c9   Thumb Code   104  _printf_dec.o(.text)
    _printf_longlong_hex                     0x08000541   Thumb Code    78  _printf_hex_int_ptr.o(.text)
    _printf_int_hex                          0x0800058f   Thumb Code    26  _printf_hex_int_ptr.o(.text)
    _printf_hex_ptr                          0x080005a9   Thumb Code    16  _printf_hex_int_ptr.o(.text)
    __printf                                 0x080005bd   Thumb Code   388  __printf_flags_ss_wp.o(.text)
    __0sscanf                                0x08000745   Thumb Code    52  __0sscanf.o(.text)
    _scanf_string                            0x08000781   Thumb Code   224  _scanf_str.o(.text)
    strstr                                   0x08000861   Thumb Code    36  strstr.o(.text)
    strlen                                   0x08000885   Thumb Code    62  strlen.o(.text)
    __aeabi_memclr                           0x080008c3   Thumb Code     0  rt_memclr.o(.text)
    __rt_memclr                              0x080008c3   Thumb Code    68  rt_memclr.o(.text)
    _memset                                  0x080008c7   Thumb Code     0  rt_memclr.o(.text)
    __aeabi_memclr4                          0x08000907   Thumb Code     0  rt_memclr_w.o(.text)
    __aeabi_memclr8                          0x08000907   Thumb Code     0  rt_memclr_w.o(.text)
    __rt_memclr_w                            0x08000907   Thumb Code    78  rt_memclr_w.o(.text)
    _memset_w                                0x0800090b   Thumb Code     0  rt_memclr_w.o(.text)
    __use_two_region_memory                  0x08000955   Thumb Code     2  heapauxi.o(.text)
    __rt_heap_escrow$2region                 0x08000957   Thumb Code     2  heapauxi.o(.text)
    __rt_heap_expand$2region                 0x08000959   Thumb Code     2  heapauxi.o(.text)
    __semihosting$guard                      0x0800095b   Thumb Code     0  use_no_semi.o(.text)
    __use_no_semihosting_swi                 0x0800095b   Thumb Code     2  use_no_semi.o(.text)
    _ll_udiv10                               0x0800095d   Thumb Code   138  lludiv10.o(.text)
    __read_errno                             0x080009e7   Thumb Code    10  _rserrno.o(.text)
    __set_errno                              0x080009f1   Thumb Code    12  _rserrno.o(.text)
    _printf_int_common                       0x080009fd   Thumb Code   178  _printf_intcommon.o(.text)
    __lib_sel_fp_printf                      0x08000aaf   Thumb Code     2  _printf_fp_dec.o(.text)
    _printf_fp_dec_real                      0x08000c61   Thumb Code   620  _printf_fp_dec.o(.text)
    _printf_char_common                      0x08000ed7   Thumb Code    32  _printf_char_common.o(.text)
    _sputc                                   0x08000efd   Thumb Code    10  _sputc.o(.text)
    _printf_cs_common                        0x08000f07   Thumb Code    20  _printf_char.o(.text)
    _printf_char                             0x08000f1b   Thumb Code    16  _printf_char.o(.text)
    _printf_string                           0x08000f2b   Thumb Code     8  _printf_char.o(.text)
    _printf_char_file                        0x08000f35   Thumb Code    32  _printf_char_file.o(.text)
    __vfscanf_char                           0x08000f65   Thumb Code    24  scanf_char.o(.text)
    _sgetc                                   0x08000f85   Thumb Code    30  _sgetc.o(.text)
    _sbackspace                              0x08000fa3   Thumb Code    34  _sgetc.o(.text)
    __rt_locale                              0x08000fc5   Thumb Code     8  rt_locale_intlibspace.o(.text)
    __aeabi_errno_addr                       0x08000fcd   Thumb Code     8  rt_errno_addr_intlibspace.o(.text)
    __errno$intlibspace                      0x08000fcd   Thumb Code     0  rt_errno_addr_intlibspace.o(.text)
    __rt_errno_addr$intlibspace              0x08000fcd   Thumb Code     0  rt_errno_addr_intlibspace.o(.text)
    isspace                                  0x08000fd5   Thumb Code    18  isspace.o(.text)
    _printf_fp_infnan                        0x08000fe9   Thumb Code   112  _printf_fp_infnan.o(.text)
    __vfscanf                                0x08001069   Thumb Code   878  _scanf.o(.text)
    _btod_etento                             0x080013dd   Thumb Code   224  bigflt0.o(.text)
    ferror                                   0x080014c1   Thumb Code     8  ferror.o(.text)
    __user_libspace                          0x080014c9   Thumb Code     8  libspace.o(.text)
    __user_perproc_libspace                  0x080014c9   Thumb Code     0  libspace.o(.text)
    __user_perthread_libspace                0x080014c9   Thumb Code     0  libspace.o(.text)
    __user_setup_stackheap                   0x080014d1   Thumb Code    74  sys_stackheap_outer.o(.text)
    __rt_ctype_table                         0x0800151d   Thumb Code    16  rt_ctype_table.o(.text)
    exit                                     0x0800152d   Thumb Code    18  exit.o(.text)
    strcmp                                   0x08001541   Thumb Code   128  strcmpv7m.o(.text)
    _btod_d2e                                0x080015c1   Thumb Code    62  btod.o(CL$$btod_d2e)
    _d2e_denorm_low                          0x080015ff   Thumb Code    70  btod.o(CL$$btod_d2e_denorm_low)
    _d2e_norm_op1                            0x08001645   Thumb Code    96  btod.o(CL$$btod_d2e_norm_op1)
    __btod_div_common                        0x080016a5   Thumb Code   696  btod.o(CL$$btod_div_common)
    _e2e                                     0x080019dd   Thumb Code   220  btod.o(CL$$btod_e2e)
    _btod_ediv                               0x08001ab9   Thumb Code    42  btod.o(CL$$btod_ediv)
    _btod_emul                               0x08001ae3   Thumb Code    42  btod.o(CL$$btod_emul)
    __btod_mult_common                       0x08001b0d   Thumb Code   580  btod.o(CL$$btod_mult_common)
    BusFault_Handler                         0x08001d51   Thumb Code     4  stm32f4xx_it.o(i.BusFault_Handler)
    DCMI_IRQHandler                          0x08001d71   Thumb Code    10  dcmi.o(i.DCMI_IRQHandler)
    DMA2_Stream1_IRQHandler                  0x08001d81   Thumb Code   162  dcmi.o(i.DMA2_Stream1_IRQHandler)
    DebugMon_Handler                         0x08001f5f   Thumb Code     2  stm32f4xx_it.o(i.DebugMon_Handler)
    HAL_DCMI_ErrorCallback                   0x08001f61   Thumb Code     2  stm32f4xx_hal_dcmi.o(i.HAL_DCMI_ErrorCallback)
    HAL_DCMI_FrameEventCallback              0x08001f65   Thumb Code    58  dcmi.o(i.HAL_DCMI_FrameEventCallback)
    HAL_DCMI_IRQHandler                      0x08001fad   Thumb Code   170  stm32f4xx_hal_dcmi.o(i.HAL_DCMI_IRQHandler)
    HAL_DCMI_Init                            0x0800205d   Thumb Code   146  stm32f4xx_hal_dcmi_ex.o(i.HAL_DCMI_Init)
    HAL_DCMI_LineEventCallback               0x080020ef   Thumb Code     2  stm32f4xx_hal_dcmi.o(i.HAL_DCMI_LineEventCallback)
    HAL_DCMI_MspInit                         0x080020f1   Thumb Code   246  dcmi.o(i.HAL_DCMI_MspInit)
    HAL_DCMI_VsyncEventCallback              0x080021fd   Thumb Code     2  stm32f4xx_hal_dcmi.o(i.HAL_DCMI_VsyncEventCallback)
    HAL_DMAEx_MultiBufferStart               0x080021ff   Thumb Code   124  stm32f4xx_hal_dma_ex.o(i.HAL_DMAEx_MultiBufferStart)
    HAL_DMA_Abort                            0x0800227b   Thumb Code   170  stm32f4xx_hal_dma.o(i.HAL_DMA_Abort)
    HAL_DMA_Abort_IT                         0x08002325   Thumb Code    40  stm32f4xx_hal_dma.o(i.HAL_DMA_Abort_IT)
    HAL_DMA_DeInit                           0x0800234d   Thumb Code   112  stm32f4xx_hal_dma.o(i.HAL_DMA_DeInit)
    HAL_DMA_Init                             0x080023bd   Thumb Code   232  stm32f4xx_hal_dma.o(i.HAL_DMA_Init)
    HAL_DMA_Start                            0x080024a9   Thumb Code   102  stm32f4xx_hal_dma.o(i.HAL_DMA_Start)
    HAL_GPIO_Init                            0x08002511   Thumb Code   470  stm32f4xx_hal_gpio.o(i.HAL_GPIO_Init)
    HAL_GPIO_ReadPin                         0x08002715   Thumb Code    16  stm32f4xx_hal_gpio.o(i.HAL_GPIO_ReadPin)
    HAL_GPIO_TogglePin                       0x08002725   Thumb Code    20  stm32f4xx_hal_gpio.o(i.HAL_GPIO_TogglePin)
    HAL_GPIO_WritePin                        0x08002739   Thumb Code    12  stm32f4xx_hal_gpio.o(i.HAL_GPIO_WritePin)
    HAL_GetREVID                             0x08002745   Thumb Code     8  stm32f4xx_hal.o(i.HAL_GetREVID)
    HAL_GetTick                              0x08002751   Thumb Code     6  stm32f4xx_hal.o(i.HAL_GetTick)
    HAL_IncTick                              0x0800275d   Thumb Code    16  stm32f4xx_hal.o(i.HAL_IncTick)
    HAL_Init                                 0x08002775   Thumb Code    44  stm32f4xx_hal.o(i.HAL_Init)
    HAL_InitTick                             0x080027a5   Thumb Code    64  stm32f4xx_hal.o(i.HAL_InitTick)
    HAL_MspInit                              0x080027f1   Thumb Code     2  stm32f4xx_hal.o(i.HAL_MspInit)
    HAL_NVIC_EnableIRQ                       0x080027f3   Thumb Code    32  stm32f4xx_hal_cortex.o(i.HAL_NVIC_EnableIRQ)
    HAL_NVIC_SetPriority                     0x08002813   Thumb Code   124  stm32f4xx_hal_cortex.o(i.HAL_NVIC_SetPriority)
    HAL_NVIC_SetPriorityGrouping             0x08002891   Thumb Code    32  stm32f4xx_hal_cortex.o(i.HAL_NVIC_SetPriorityGrouping)
    HAL_RCC_ClockConfig                      0x080028b9   Thumb Code   368  stm32f4xx_hal_rcc.o(i.HAL_RCC_ClockConfig)
    HAL_RCC_GetClockConfig                   0x08002a3d   Thumb Code    58  stm32f4xx_hal_rcc.o(i.HAL_RCC_GetClockConfig)
    HAL_RCC_GetHCLKFreq                      0x08002a81   Thumb Code     6  stm32f4xx_hal_rcc.o(i.HAL_RCC_GetHCLKFreq)
    HAL_RCC_GetPCLK1Freq                     0x08002a8d   Thumb Code    22  stm32f4xx_hal_rcc.o(i.HAL_RCC_GetPCLK1Freq)
    HAL_RCC_GetPCLK2Freq                     0x08002aad   Thumb Code    22  stm32f4xx_hal_rcc.o(i.HAL_RCC_GetPCLK2Freq)
    HAL_RCC_GetSysClockFreq                  0x08002acd   Thumb Code   162  stm32f4xx_hal_rcc.o(i.HAL_RCC_GetSysClockFreq)
    HAL_RCC_OscConfig                        0x08002b7d   Thumb Code  1172  stm32f4xx_hal_rcc.o(i.HAL_RCC_OscConfig)
    HAL_SYSTICK_Config                       0x08003019   Thumb Code    52  stm32f4xx_hal_cortex.o(i.HAL_SYSTICK_Config)
    HAL_TIMEx_BreakCallback                  0x0800304d   Thumb Code     2  stm32f4xx_hal_tim_ex.o(i.HAL_TIMEx_BreakCallback)
    HAL_TIMEx_CommutCallback                 0x0800304f   Thumb Code     2  stm32f4xx_hal_tim_ex.o(i.HAL_TIMEx_CommutCallback)
    HAL_TIM_Base_Init                        0x08003051   Thumb Code   102  stm32f4xx_hal_tim.o(i.HAL_TIM_Base_Init)
    HAL_TIM_Base_MspInit                     0x080030b9   Thumb Code    66  btim.o(i.HAL_TIM_Base_MspInit)
    HAL_TIM_Base_Start_IT                    0x08003105   Thumb Code   138  stm32f4xx_hal_tim.o(i.HAL_TIM_Base_Start_IT)
    HAL_TIM_IC_CaptureCallback               0x080031ad   Thumb Code     2  stm32f4xx_hal_tim.o(i.HAL_TIM_IC_CaptureCallback)
    HAL_TIM_IRQHandler                       0x080031af   Thumb Code   406  stm32f4xx_hal_tim.o(i.HAL_TIM_IRQHandler)
    HAL_TIM_OC_DelayElapsedCallback          0x08003345   Thumb Code     2  stm32f4xx_hal_tim.o(i.HAL_TIM_OC_DelayElapsedCallback)
    HAL_TIM_PWM_ConfigChannel                0x08003347   Thumb Code   252  stm32f4xx_hal_tim.o(i.HAL_TIM_PWM_ConfigChannel)
    HAL_TIM_PWM_Init                         0x08003443   Thumb Code   102  stm32f4xx_hal_tim.o(i.HAL_TIM_PWM_Init)
    HAL_TIM_PWM_MspInit                      0x080034a9   Thumb Code   132  servo.o(i.HAL_TIM_PWM_MspInit)
    HAL_TIM_PWM_PulseFinishedCallback        0x08003535   Thumb Code     2  stm32f4xx_hal_tim.o(i.HAL_TIM_PWM_PulseFinishedCallback)
    HAL_TIM_PWM_Start                        0x08003539   Thumb Code   238  stm32f4xx_hal_tim.o(i.HAL_TIM_PWM_Start)
    HAL_TIM_PeriodElapsedCallback            0x08003645   Thumb Code    28  btim.o(i.HAL_TIM_PeriodElapsedCallback)
    HAL_TIM_TriggerCallback                  0x08003679   Thumb Code     2  stm32f4xx_hal_tim.o(i.HAL_TIM_TriggerCallback)
    HAL_UARTEx_RxEventCallback               0x0800367b   Thumb Code     2  stm32f4xx_hal_uart.o(i.HAL_UARTEx_RxEventCallback)
    HAL_UART_ErrorCallback                   0x0800367d   Thumb Code     2  stm32f4xx_hal_uart.o(i.HAL_UART_ErrorCallback)
    HAL_UART_IRQHandler                      0x08003681   Thumb Code   586  stm32f4xx_hal_uart.o(i.HAL_UART_IRQHandler)
    HAL_UART_Init                            0x080038d1   Thumb Code   114  stm32f4xx_hal_uart.o(i.HAL_UART_Init)
    HAL_UART_MspInit                         0x08003945   Thumb Code   190  usart.o(i.HAL_UART_MspInit)
    HAL_UART_Receive_IT                      0x08003a11   Thumb Code    66  stm32f4xx_hal_uart.o(i.HAL_UART_Receive_IT)
    HAL_UART_RxCpltCallback                  0x08003a55   Thumb Code   134  usart.o(i.HAL_UART_RxCpltCallback)
    HAL_UART_TxCpltCallback                  0x08003af1   Thumb Code     2  stm32f4xx_hal_uart.o(i.HAL_UART_TxCpltCallback)
    HardFault_Handler                        0x08003af3   Thumb Code     4  stm32f4xx_it.o(i.HardFault_Handler)
    MemManage_Handler                        0x08003af7   Thumb Code     4  stm32f4xx_it.o(i.MemManage_Handler)
    NMI_Handler                              0x08003afb   Thumb Code     2  stm32f4xx_it.o(i.NMI_Handler)
    PendSV_Handler                           0x08003afd   Thumb Code     2  stm32f4xx_it.o(i.PendSV_Handler)
    SPOT_Detect_GetCenter                    0x08003b01   Thumb Code    18  spot_detect.o(i.SPOT_Detect_GetCenter)
    SPOT_Detect_IsFound                      0x08003b19   Thumb Code     6  spot_detect.o(i.SPOT_Detect_IsFound)
    SPOT_Detect_Process                      0x08003b25   Thumb Code   636  spot_detect.o(i.SPOT_Detect_Process)
    SVC_Handler                              0x08003ee5   Thumb Code     2  stm32f4xx_it.o(i.SVC_Handler)
    ServoTrack_GetMode                       0x08003ee9   Thumb Code     6  servo_track.o(i.ServoTrack_GetMode)
    ServoTrack_Init                          0x08003ef5   Thumb Code   164  servo_track.o(i.ServoTrack_Init)
    ServoTrack_ManualControl                 0x08003fe9   Thumb Code   152  servo_track.o(i.ServoTrack_ManualControl)
    ServoTrack_Process                       0x080040b5   Thumb Code  1830  servo_track.o(i.ServoTrack_Process)
    ServoTrack_SetDeadZone                   0x080048c5   Thumb Code    18  servo_track.o(i.ServoTrack_SetDeadZone)
    ServoTrack_SetMode                       0x08004905   Thumb Code    46  servo_track.o(i.ServoTrack_SetMode)
    ServoTrack_SetSmoothFactor               0x08004971   Thumb Code    84  servo_track.o(i.ServoTrack_SetSmoothFactor)
    Servo_SelfTest_Dual                      0x080049f1   Thumb Code   200  servo.o(i.Servo_SelfTest_Dual)
    Servo_SetAngle                           0x08004abd   Thumb Code   232  servo.o(i.Servo_SetAngle)
    Servo_SetAngleRange                      0x08004bc1   Thumb Code    36  servo.o(i.Servo_SetAngleRange)
    Servo_TIM2_Init                          0x08004c45   Thumb Code   172  servo.o(i.Servo_TIM2_Init)
    SysTick_Handler                          0x08004d09   Thumb Code     8  stm32f4xx_it.o(i.SysTick_Handler)
    SystemInit                               0x08004d11   Thumb Code    14  system_stm32f4xx.o(i.SystemInit)
    TIM4_IRQHandler                          0x08004d25   Thumb Code    58  usmart_port.o(i.TIM4_IRQHandler)
    TIM6_DAC_IRQHandler                      0x08004d69   Thumb Code    10  btim.o(i.TIM6_DAC_IRQHandler)
    TIM_Base_SetConfig                       0x08004d79   Thumb Code   170  stm32f4xx_hal_tim.o(i.TIM_Base_SetConfig)
    TIM_CCxChannelCmd                        0x08004e51   Thumb Code    34  stm32f4xx_hal_tim.o(i.TIM_CCxChannelCmd)
    TIM_OC2_SetConfig                        0x08004ee5   Thumb Code   114  stm32f4xx_hal_tim.o(i.TIM_OC2_SetConfig)
    UART_Start_Receive_IT                    0x08005381   Thumb Code    70  stm32f4xx_hal_uart.o(i.UART_Start_Receive_IT)
    USART1_IRQHandler                        0x08005429   Thumb Code    10  usart.o(i.USART1_IRQHandler)
    UsageFault_Handler                       0x08005439   Thumb Code     4  stm32f4xx_it.o(i.UsageFault_Handler)
    __ARM_fpclassify                         0x0800543d   Thumb Code    48  fpclassify.o(i.__ARM_fpclassify)
    __hardfp_sqrtf                           0x080054a5   Thumb Code    58  sqrtf.o(i.__hardfp_sqrtf)
    _is_digit                                0x080054df   Thumb Code    14  __printf_wp.o(i._is_digit)
    _sys_exit                                0x080054ed   Thumb Code     4  usart.o(i._sys_exit)
    btim_timx_int_init                       0x080054f1   Thumb Code    34  btim.o(i.btim_timx_int_init)
    dcmi_cr_set                              0x080055dd   Thumb Code    60  dcmi.o(i.dcmi_cr_set)
    dcmi_dma_init                            0x0800561d   Thumb Code   220  dcmi.o(i.dcmi_dma_init)
    dcmi_init                                0x0800570d   Thumb Code    72  dcmi.o(i.dcmi_init)
    dcmi_set_window                          0x0800575d   Thumb Code    84  dcmi.o(i.dcmi_set_window)
    dcmi_start                               0x080057b9   Thumb Code    44  dcmi.o(i.dcmi_start)
    dcmi_stop                                0x080057ed   Thumb Code    44  dcmi.o(i.dcmi_stop)
    delay_init                               0x08005821   Thumb Code     6  delay.o(i.delay_init)
    delay_ms                                 0x0800582d   Thumb Code    18  delay.o(i.delay_ms)
    delay_us                                 0x08005841   Thumb Code    68  delay.o(i.delay_us)
    esp8266_connect_ap                       0x08005889   Thumb Code    64  esp8266.o(i.esp8266_connect_ap)
    esp8266_connect_tcp_server               0x080058f5   Thumb Code    42  esp8266.o(i.esp8266_connect_tcp_server)
    esp8266_get_ip                           0x08005941   Thumb Code    64  esp8266.o(i.esp8266_get_ip)
    esp8266_init                             0x080059a9   Thumb Code   328  esp8266.o(i.esp8266_init)
    esp8266_reset                            0x08005e3d   Thumb Code    36  esp8266.o(i.esp8266_reset)
    esp8266_restore                          0x08005e89   Thumb Code    36  esp8266.o(i.esp8266_restore)
    esp8266_send_cmd                         0x08005ee9   Thumb Code   212  esp8266.o(i.esp8266_send_cmd)
    esp8266_set_passthrough                  0x08005ff9   Thumb Code    42  esp8266.o(i.esp8266_set_passthrough)
    esp8266_set_wifi_mode                    0x08006049   Thumb Code    32  esp8266.o(i.esp8266_set_wifi_mode)
    esp8266_start_passthrough                0x0800607d   Thumb Code    22  esp8266.o(i.esp8266_start_passthrough)
    esp8266_uart_init                        0x080060c5   Thumb Code   200  esp8266.o(i.esp8266_uart_init)
    fputc                                    0x0800619d   Thumb Code    22  usart.o(i.fputc)
    jpeg_data_process                        0x0800624d   Thumb Code   186  main.o(i.jpeg_data_process)
    jpeg_dcmi_rx_callback                    0x08006329   Thumb Code    96  main.o(i.jpeg_dcmi_rx_callback)
    jpeg_test                                0x0800639d   Thumb Code   640  main.o(i.jpeg_test)
    key_init                                 0x080066d5   Thumb Code   302  key.o(i.key_init)
    key_scan                                 0x08006811   Thumb Code   218  key.o(i.key_scan)
    lcd_clear                                0x080068f9   Thumb Code    42  lcd.o(i.lcd_clear)
    lcd_set_cursor                           0x0800692d   Thumb Code   282  lcd.o(i.lcd_set_cursor)
    lcd_set_window                           0x08006a4d   Thumb Code   362  lcd.o(i.lcd_set_window)
    lcd_wr_data                              0x08006bbd   Thumb Code    18  lcd.o(i.lcd_wr_data)
    lcd_wr_regno                             0x08006bd5   Thumb Code    18  lcd.o(i.lcd_wr_regno)
    lcd_write_ram_prepare                    0x08006bed   Thumb Code    10  lcd.o(i.lcd_write_ram_prepare)
    led_init                                 0x08006c01   Thumb Code   142  led.o(i.led_init)
    main                                     0x08006cd5   Thumb Code   166  main.o(i.main)
    ov2640_auto_exposure                     0x08006d8d   Thumb Code    40  ov2640.o(i.ov2640_auto_exposure)
    ov2640_brightness                        0x08006db9   Thumb Code    56  ov2640.o(i.ov2640_brightness)
    ov2640_color_saturation                  0x08006df1   Thumb Code    64  ov2640.o(i.ov2640_color_saturation)
    ov2640_contrast                          0x08006e31   Thumb Code   118  ov2640.o(i.ov2640_contrast)
    ov2640_image_win_set                     0x08006ea7   Thumb Code   188  ov2640.o(i.ov2640_image_win_set)
    ov2640_imagesize_set                     0x08006f63   Thumb Code    80  ov2640.o(i.ov2640_imagesize_set)
    ov2640_init                              0x08006fb5   Thumb Code   332  ov2640.o(i.ov2640_init)
    ov2640_jpeg_mode                         0x08007125   Thumb Code    66  ov2640.o(i.ov2640_jpeg_mode)
    ov2640_light_mode                        0x08007171   Thumb Code   120  ov2640.o(i.ov2640_light_mode)
    ov2640_outsize_set                       0x080071e9   Thumb Code   136  ov2640.o(i.ov2640_outsize_set)
    ov2640_read_reg                          0x08007271   Thumb Code    78  ov2640.o(i.ov2640_read_reg)
    ov2640_special_effects                   0x080072bf   Thumb Code   122  ov2640.o(i.ov2640_special_effects)
    ov2640_window_set                        0x08007339   Thumb Code   156  ov2640.o(i.ov2640_window_set)
    ov2640_write_reg                         0x080073d5   Thumb Code    74  ov2640.o(i.ov2640_write_reg)
    read_addr                                0x0800741f   Thumb Code     6  usmart.o(i.read_addr)
    sccb_init                                0x08007431   Thumb Code   120  sccb.o(i.sccb_init)
    sccb_nack                                0x080074b1   Thumb Code    76  sccb.o(i.sccb_nack)
    sccb_read_byte                           0x08007501   Thumb Code    74  sccb.o(i.sccb_read_byte)
    sccb_send_byte                           0x08007551   Thumb Code   156  sccb.o(i.sccb_send_byte)
    sccb_start                               0x080075f1   Thumb Code    68  sccb.o(i.sccb_start)
    sccb_stop                                0x08007639   Thumb Code    58  sccb.o(i.sccb_stop)
    sys_stm32_clock_init                     0x08007679   Thumb Code   208  sys.o(i.sys_stm32_clock_init)
    usart2_init                              0x08007755   Thumb Code   192  usart2.o(i.usart2_init)
    usart_init                               0x08007825   Thumb Code    44  usart.o(i.usart_init)
    usmart_cmd_rec                           0x0800785d   Thumb Code   170  usmart.o(i.usmart_cmd_rec)
    usmart_exe                               0x0800790d   Thumb Code   632  usmart.o(i.usmart_exe)
    usmart_get_aparm                         0x08007be1   Thumb Code   212  usmart_str.o(i.usmart_get_aparm)
    usmart_get_cmdname                       0x08007cb5   Thumb Code    54  usmart_str.o(i.usmart_get_cmdname)
    usmart_get_fname                         0x08007ced   Thumb Code   440  usmart_str.o(i.usmart_get_fname)
    usmart_get_fparam                        0x08007ead   Thumb Code   262  usmart_str.o(i.usmart_get_fparam)
    usmart_get_input_string                  0x08007fb9   Thumb Code    30  usmart_port.o(i.usmart_get_input_string)
    usmart_get_parmpos                       0x08007fe1   Thumb Code    26  usmart_str.o(i.usmart_get_parmpos)
    usmart_init                              0x08008001   Thumb Code    36  usmart.o(i.usmart_init)
    usmart_pow                               0x08008029   Thumb Code    22  usmart_str.o(i.usmart_pow)
    usmart_scan                              0x08008041   Thumb Code   106  usmart.o(i.usmart_scan)
    usmart_search_nextc                      0x080080e9   Thumb Code    22  usmart_str.o(i.usmart_search_nextc)
    usmart_str2num                           0x080080ff   Thumb Code   262  usmart_str.o(i.usmart_str2num)
    usmart_strcmp                            0x08008205   Thumb Code    34  usmart_str.o(i.usmart_strcmp)
    usmart_strcopy                           0x08008227   Thumb Code    22  usmart_str.o(i.usmart_strcopy)
    usmart_strlen                            0x0800823d   Thumb Code    24  usmart_str.o(i.usmart_strlen)
    usmart_sys_cmd_exe                       0x08008255   Thumb Code  1570  usmart.o(i.usmart_sys_cmd_exe)
    usmart_timx_get_time                     0x08008949   Thumb Code    58  usmart_port.o(i.usmart_timx_get_time)
    usmart_timx_init                         0x0800898d   Thumb Code    88  usmart_port.o(i.usmart_timx_init)
    usmart_timx_reset_time                   0x080089f1   Thumb Code    44  usmart_port.o(i.usmart_timx_reset_time)
    write_addr                               0x08008a25   Thumb Code     4  usmart.o(i.write_addr)
    _get_lc_numeric                          0x08008a85   Thumb Code    44  lc_numeric_c.o(locale$$code)
    _get_lc_ctype                            0x08008ab1   Thumb Code    44  lc_ctype_c.o(locale$$code)
    __fpl_dretinf                            0x08008add   Thumb Code    12  dretinf.o(x$fpl$dretinf)
    __aeabi_f2d                              0x08008ae9   Thumb Code     0  f2d.o(x$fpl$f2d)
    _f2d                                     0x08008ae9   Thumb Code    86  f2d.o(x$fpl$f2d)
    __fpl_fnaninf                            0x08008b3f   Thumb Code   140  fnaninf.o(x$fpl$fnaninf)
    _fp_init                                 0x08008bcb   Thumb Code    10  fpinit.o(x$fpl$fpinit)
    __fplib_config_fpu_vfp                   0x08008bd3   Thumb Code     0  fpinit.o(x$fpl$fpinit)
    __fplib_config_pureend_doubles           0x08008bd3   Thumb Code     0  fpinit.o(x$fpl$fpinit)
    _printf_fp_dec                           0x08008bd5   Thumb Code     4  printf1.o(x$fpl$printf1)
    __I$use$fp                               0x08008bd8   Number         0  usenofp.o(x$fpl$usenofp)
    ov2640_uxga_init_reg_tbl                 0x08008be0   Data         356  ov2640.o(.constdata)
    ov2640_svga_init_reg_tbl                 0x08008d44   Data         354  ov2640.o(.constdata)
    ov2640_yuv422_reg_tbl                    0x08008ea6   Data          16  ov2640.o(.constdata)
    ov2640_jpeg_reg_tbl                      0x08008eb6   Data          14  ov2640.o(.constdata)
    ov2640_rgb565_reg_tbl                    0x08008ec4   Data          28  ov2640.o(.constdata)
    jpeg_img_size_tbl                        0x08008f08   Data          52  main.o(.constdata)
    AHBPrescTable                            0x08008f3c   Data          16  system_stm32f4xx.o(.constdata)
    APBPrescTable                            0x08008f4c   Data           8  system_stm32f4xx.o(.constdata)
    Region$$Table$$Base                      0x0800968c   Number         0  anon$$obj.o(Region$$Table)
    Region$$Table$$Limit                     0x080096bc   Number         0  anon$$obj.o(Region$$Table)
    __ctype                                  0x080096e5   Data           0  lc_ctype_c.o(locale$$data)
    uwTick                                   0x10000000   Data           4  stm32f4xx_hal.o(.data)
    uwTickPrio                               0x10000004   Data           4  stm32f4xx_hal.o(.data)
    uwTickFreq                               0x10000008   Data           1  stm32f4xx_hal.o(.data)
    __stdout                                 0x10000010   Data           4  usart.o(.data)
    g_usart_rx_sta                           0x10000014   Data           2  usart.o(.data)
    g_rx_buffer                              0x10000016   Data           1  usart.o(.data)
    sys_cmd_tab                              0x10000018   Data          28  usmart.o(.data)
    usmart_nametab                           0x10000034   Data         160  usmart_config.o(.data)
    usmart_dev                               0x100000d4   Data         244  usmart_config.o(.data)
    g_ov_frame                               0x100001cc   Data           1  dcmi.o(.data)
    dcmi_rx_callback                         0x100001d0   Data           4  dcmi.o(.data)
    g_ov_mode                                0x10000224   Data           1  main.o(.data)
    g_jpeg_data_len                          0x10000228   Data           4  main.o(.data)
    g_jpeg_data_ok                           0x1000022c   Data           1  main.o(.data)
    EFFECTS_TBL                              0x10000230   Data          28  main.o(.data)
    JPEG_SIZE_TBL                            0x1000024c   Data          52  main.o(.data)
    SystemCoreClock                          0x10000280   Data           4  system_stm32f4xx.o(.data)
    g_usart_rx_buf                           0x10000284   Data         200  usart.o(.bss)
    g_uart1_handle                           0x1000034c   Data          68  usart.o(.bss)
    g_timx_usmart_handle                     0x10000390   Data          72  usmart_port.o(.bss)
    g_sram_handle                            0x100003d8   Data          80  lcd.o(.bss)
    lcddev                                   0x10000428   Data          14  lcd.o(.bss)
    g_timx_handler                           0x10000438   Data          72  btim.o(.bss)
    g_dcmi_handle                            0x10000480   Data          64  dcmi.o(.bss)
    g_dma_dcmi_handle                        0x100004c0   Data          96  dcmi.o(.bss)
    g_uart2_handle                           0x10000520   Data          68  usart2.o(.bss)
    USART2_Handler                           0x10000564   Data          68  usart2.o(.bss)
    g_tim2_handler                           0x100007a8   Data          72  servo.o(.bss)
    g_tim2_ch1handler                        0x100007f0   Data          28  servo.o(.bss)
    g_tim2_ch2handler                        0x1000080c   Data          28  servo.o(.bss)
    __libspace_start                         0x10000854   Data          96  libspace.o(.bss)
    __temporary_stack_top$libspace           0x100008b4   Data           0  libspace.o(.bss)
    g_jpeg_data_buf                          0x20000000   Data       118784  main.o(.bss)
    g_dcmi_line_buf                          0x2001d000   Data        8192  main.o(.bss)



==============================================================================

Memory Map of the image

  Image Entry point : 0x08000189

  Load Region LR_IROM1 (Base: 0x08000000, Size: 0x00009a6c, Max: 0x00100000, ABSOLUTE, COMPRESSED[0x000098f8])

    Execution Region ER_IROM1 (Exec base: 0x08000000, Load base: 0x08000000, Size: 0x000097e8, Max: 0x00100000, ABSOLUTE)

    Exec Addr    Load Addr    Size         Type   Attr      Idx    E Section Name        Object

    0x08000000   0x08000000   0x00000188   Data   RO            3    RESET               startup_stm32f407xx.o
    0x08000188   0x08000188   0x00000008   Code   RO         5148  * !!!main             c_w.l(__main.o)
    0x08000190   0x08000190   0x00000034   Code   RO         5428    !!!scatter          c_w.l(__scatter.o)
    0x080001c4   0x080001c4   0x0000005a   Code   RO         5426    !!dczerorl2         c_w.l(__dczerorl2.o)
    0x0800021e   0x0800021e   0x00000002   PAD
    0x08000220   0x08000220   0x0000001c   Code   RO         5430    !!handler_zi        c_w.l(__scatter_zi.o)
    0x0800023c   0x0800023c   0x00000000   Code   RO         5132    .ARM.Collect$$_printf_percent$$00000000  c_w.l(_printf_percent.o)
    0x0800023c   0x0800023c   0x00000006   Code   RO         5131    .ARM.Collect$$_printf_percent$$00000003  c_w.l(_printf_f.o)
    0x08000242   0x08000242   0x00000006   Code   RO         5129    .ARM.Collect$$_printf_percent$$00000009  c_w.l(_printf_d.o)
    0x08000248   0x08000248   0x00000006   Code   RO         5130    .ARM.Collect$$_printf_percent$$0000000A  c_w.l(_printf_u.o)
    0x0800024e   0x0800024e   0x00000006   Code   RO         5127    .ARM.Collect$$_printf_percent$$0000000C  c_w.l(_printf_x.o)
    0x08000254   0x08000254   0x00000006   Code   RO         5125    .ARM.Collect$$_printf_percent$$00000013  c_w.l(_printf_c.o)
    0x0800025a   0x0800025a   0x00000006   Code   RO         5126    .ARM.Collect$$_printf_percent$$00000014  c_w.l(_printf_s.o)
    0x08000260   0x08000260   0x00000004   Code   RO         5201    .ARM.Collect$$_printf_percent$$00000017  c_w.l(_printf_percent_end.o)
    0x08000264   0x08000264   0x00000002   Code   RO         5305    .ARM.Collect$$libinit$$00000000  c_w.l(libinit.o)
    0x08000266   0x08000266   0x00000004   Code   RO         5306    .ARM.Collect$$libinit$$00000001  c_w.l(libinit2.o)
    0x0800026a   0x0800026a   0x00000000   Code   RO         5309    .ARM.Collect$$libinit$$00000004  c_w.l(libinit2.o)
    0x0800026a   0x0800026a   0x00000000   Code   RO         5312    .ARM.Collect$$libinit$$0000000A  c_w.l(libinit2.o)
    0x0800026a   0x0800026a   0x00000000   Code   RO         5314    .ARM.Collect$$libinit$$0000000C  c_w.l(libinit2.o)
    0x0800026a   0x0800026a   0x00000000   Code   RO         5316    .ARM.Collect$$libinit$$0000000E  c_w.l(libinit2.o)
    0x0800026a   0x0800026a   0x00000006   Code   RO         5317    .ARM.Collect$$libinit$$0000000F  c_w.l(libinit2.o)
    0x08000270   0x08000270   0x00000000   Code   RO         5319    .ARM.Collect$$libinit$$00000011  c_w.l(libinit2.o)
    0x08000270   0x08000270   0x0000000c   Code   RO         5320    .ARM.Collect$$libinit$$00000012  c_w.l(libinit2.o)
    0x0800027c   0x0800027c   0x00000000   Code   RO         5321    .ARM.Collect$$libinit$$00000013  c_w.l(libinit2.o)
    0x0800027c   0x0800027c   0x00000000   Code   RO         5323    .ARM.Collect$$libinit$$00000015  c_w.l(libinit2.o)
    0x0800027c   0x0800027c   0x0000000a   Code   RO         5324    .ARM.Collect$$libinit$$00000016  c_w.l(libinit2.o)
    0x08000286   0x08000286   0x00000000   Code   RO         5325    .ARM.Collect$$libinit$$00000017  c_w.l(libinit2.o)
    0x08000286   0x08000286   0x00000000   Code   RO         5327    .ARM.Collect$$libinit$$00000019  c_w.l(libinit2.o)
    0x08000286   0x08000286   0x00000000   Code   RO         5329    .ARM.Collect$$libinit$$0000001B  c_w.l(libinit2.o)
    0x08000286   0x08000286   0x00000000   Code   RO         5331    .ARM.Collect$$libinit$$0000001D  c_w.l(libinit2.o)
    0x08000286   0x08000286   0x00000000   Code   RO         5333    .ARM.Collect$$libinit$$0000001F  c_w.l(libinit2.o)
    0x08000286   0x08000286   0x00000000   Code   RO         5335    .ARM.Collect$$libinit$$00000021  c_w.l(libinit2.o)
    0x08000286   0x08000286   0x00000000   Code   RO         5337    .ARM.Collect$$libinit$$00000023  c_w.l(libinit2.o)
    0x08000286   0x08000286   0x00000000   Code   RO         5339    .ARM.Collect$$libinit$$00000025  c_w.l(libinit2.o)
    0x08000286   0x08000286   0x00000000   Code   RO         5343    .ARM.Collect$$libinit$$0000002C  c_w.l(libinit2.o)
    0x08000286   0x08000286   0x00000000   Code   RO         5345    .ARM.Collect$$libinit$$0000002E  c_w.l(libinit2.o)
    0x08000286   0x08000286   0x00000000   Code   RO         5347    .ARM.Collect$$libinit$$00000030  c_w.l(libinit2.o)
    0x08000286   0x08000286   0x00000000   Code   RO         5349    .ARM.Collect$$libinit$$00000032  c_w.l(libinit2.o)
    0x08000286   0x08000286   0x00000002   Code   RO         5350    .ARM.Collect$$libinit$$00000033  c_w.l(libinit2.o)
    0x08000288   0x08000288   0x00000002   Code   RO         5391    .ARM.Collect$$libshutdown$$00000000  c_w.l(libshutdown.o)
    0x0800028a   0x0800028a   0x00000000   Code   RO         5409    .ARM.Collect$$libshutdown$$00000002  c_w.l(libshutdown2.o)
    0x0800028a   0x0800028a   0x00000000   Code   RO         5411    .ARM.Collect$$libshutdown$$00000004  c_w.l(libshutdown2.o)
    0x0800028a   0x0800028a   0x00000000   Code   RO         5414    .ARM.Collect$$libshutdown$$00000007  c_w.l(libshutdown2.o)
    0x0800028a   0x0800028a   0x00000000   Code   RO         5417    .ARM.Collect$$libshutdown$$0000000A  c_w.l(libshutdown2.o)
    0x0800028a   0x0800028a   0x00000000   Code   RO         5419    .ARM.Collect$$libshutdown$$0000000C  c_w.l(libshutdown2.o)
    0x0800028a   0x0800028a   0x00000000   Code   RO         5422    .ARM.Collect$$libshutdown$$0000000F  c_w.l(libshutdown2.o)
    0x0800028a   0x0800028a   0x00000002   Code   RO         5423    .ARM.Collect$$libshutdown$$00000010  c_w.l(libshutdown2.o)
    0x0800028c   0x0800028c   0x00000000   Code   RO         5180    .ARM.Collect$$rtentry$$00000000  c_w.l(__rtentry.o)
    0x0800028c   0x0800028c   0x00000000   Code   RO         5215    .ARM.Collect$$rtentry$$00000002  c_w.l(__rtentry2.o)
    0x0800028c   0x0800028c   0x00000006   Code   RO         5227    .ARM.Collect$$rtentry$$00000004  c_w.l(__rtentry4.o)
    0x08000292   0x08000292   0x00000000   Code   RO         5217    .ARM.Collect$$rtentry$$00000009  c_w.l(__rtentry2.o)
    0x08000292   0x08000292   0x00000004   Code   RO         5218    .ARM.Collect$$rtentry$$0000000A  c_w.l(__rtentry2.o)
    0x08000296   0x08000296   0x00000000   Code   RO         5220    .ARM.Collect$$rtentry$$0000000C  c_w.l(__rtentry2.o)
    0x08000296   0x08000296   0x00000008   Code   RO         5221    .ARM.Collect$$rtentry$$0000000D  c_w.l(__rtentry2.o)
    0x0800029e   0x0800029e   0x00000002   Code   RO         5351    .ARM.Collect$$rtexit$$00000000  c_w.l(rtexit.o)
    0x080002a0   0x080002a0   0x00000000   Code   RO         5367    .ARM.Collect$$rtexit$$00000002  c_w.l(rtexit2.o)
    0x080002a0   0x080002a0   0x00000004   Code   RO         5368    .ARM.Collect$$rtexit$$00000003  c_w.l(rtexit2.o)
    0x080002a4   0x080002a4   0x00000006   Code   RO         5369    .ARM.Collect$$rtexit$$00000004  c_w.l(rtexit2.o)
    0x080002aa   0x080002aa   0x00000002   PAD
    0x080002ac   0x080002ac   0x0000004c   Code   RO            4    .text               startup_stm32f407xx.o
    0x080002f8   0x080002f8   0x00000002   Code   RO         5062    .text               c_w.l(use_no_semi_2.o)
    0x080002fa   0x080002fa   0x000000ee   Code   RO         5064    .text               c_w.l(lludivv7m.o)
    0x080003e8   0x080003e8   0x00000018   Code   RO         5070    .text               c_w.l(noretval__2printf.o)
    0x08000400   0x08000400   0x00000028   Code   RO         5072    .text               c_w.l(noretval__2sprintf.o)
    0x08000428   0x08000428   0x0000004e   Code   RO         5076    .text               c_w.l(_printf_pad.o)
    0x08000476   0x08000476   0x00000052   Code   RO         5078    .text               c_w.l(_printf_str.o)
    0x080004c8   0x080004c8   0x00000078   Code   RO         5080    .text               c_w.l(_printf_dec.o)
    0x08000540   0x08000540   0x0000007c   Code   RO         5096    .text               c_w.l(_printf_hex_int_ptr.o)
    0x080005bc   0x080005bc   0x00000188   Code   RO         5122    .text               c_w.l(__printf_flags_ss_wp.o)
    0x08000744   0x08000744   0x0000003c   Code   RO         5134    .text               c_w.l(__0sscanf.o)
    0x08000780   0x08000780   0x000000e0   Code   RO         5136    .text               c_w.l(_scanf_str.o)
    0x08000860   0x08000860   0x00000024   Code   RO         5138    .text               c_w.l(strstr.o)
    0x08000884   0x08000884   0x0000003e   Code   RO         5140    .text               c_w.l(strlen.o)
    0x080008c2   0x080008c2   0x00000044   Code   RO         5142    .text               c_w.l(rt_memclr.o)
    0x08000906   0x08000906   0x0000004e   Code   RO         5144    .text               c_w.l(rt_memclr_w.o)
    0x08000954   0x08000954   0x00000006   Code   RO         5146    .text               c_w.l(heapauxi.o)
    0x0800095a   0x0800095a   0x00000002   Code   RO         5178    .text               c_w.l(use_no_semi.o)
    0x0800095c   0x0800095c   0x0000008a   Code   RO         5185    .text               c_w.l(lludiv10.o)
    0x080009e6   0x080009e6   0x00000016   Code   RO         5187    .text               c_w.l(_rserrno.o)
    0x080009fc   0x080009fc   0x000000b2   Code   RO         5189    .text               c_w.l(_printf_intcommon.o)
    0x08000aae   0x08000aae   0x0000041e   Code   RO         5191    .text               c_w.l(_printf_fp_dec.o)
    0x08000ecc   0x08000ecc   0x00000030   Code   RO         5193    .text               c_w.l(_printf_char_common.o)
    0x08000efc   0x08000efc   0x0000000a   Code   RO         5195    .text               c_w.l(_sputc.o)
    0x08000f06   0x08000f06   0x0000002c   Code   RO         5197    .text               c_w.l(_printf_char.o)
    0x08000f32   0x08000f32   0x00000002   PAD
    0x08000f34   0x08000f34   0x00000024   Code   RO         5199    .text               c_w.l(_printf_char_file.o)
    0x08000f58   0x08000f58   0x0000002c   Code   RO         5203    .text               c_w.l(scanf_char.o)
    0x08000f84   0x08000f84   0x00000040   Code   RO         5205    .text               c_w.l(_sgetc.o)
    0x08000fc4   0x08000fc4   0x00000008   Code   RO         5234    .text               c_w.l(rt_locale_intlibspace.o)
    0x08000fcc   0x08000fcc   0x00000008   Code   RO         5239    .text               c_w.l(rt_errno_addr_intlibspace.o)
    0x08000fd4   0x08000fd4   0x00000012   Code   RO         5241    .text               c_w.l(isspace.o)
    0x08000fe6   0x08000fe6   0x00000002   PAD
    0x08000fe8   0x08000fe8   0x00000080   Code   RO         5243    .text               c_w.l(_printf_fp_infnan.o)
    0x08001068   0x08001068   0x00000374   Code   RO         5247    .text               c_w.l(_scanf.o)
    0x080013dc   0x080013dc   0x000000e4   Code   RO         5249    .text               c_w.l(bigflt0.o)
    0x080014c0   0x080014c0   0x00000008   Code   RO         5274    .text               c_w.l(ferror.o)
    0x080014c8   0x080014c8   0x00000008   Code   RO         5285    .text               c_w.l(libspace.o)
    0x080014d0   0x080014d0   0x0000004a   Code   RO         5288    .text               c_w.l(sys_stackheap_outer.o)
    0x0800151a   0x0800151a   0x00000002   PAD
    0x0800151c   0x0800151c   0x00000010   Code   RO         5290    .text               c_w.l(rt_ctype_table.o)
    0x0800152c   0x0800152c   0x00000012   Code   RO         5292    .text               c_w.l(exit.o)
    0x0800153e   0x0800153e   0x00000002   PAD
    0x08001540   0x08001540   0x00000080   Code   RO         5298    .text               c_w.l(strcmpv7m.o)
    0x080015c0   0x080015c0   0x0000003e   Code   RO         5252    CL$$btod_d2e        c_w.l(btod.o)
    0x080015fe   0x080015fe   0x00000046   Code   RO         5254    CL$$btod_d2e_denorm_low  c_w.l(btod.o)
    0x08001644   0x08001644   0x00000060   Code   RO         5253    CL$$btod_d2e_norm_op1  c_w.l(btod.o)
    0x080016a4   0x080016a4   0x00000338   Code   RO         5262    CL$$btod_div_common  c_w.l(btod.o)
    0x080019dc   0x080019dc   0x000000dc   Code   RO         5259    CL$$btod_e2e        c_w.l(btod.o)
    0x08001ab8   0x08001ab8   0x0000002a   Code   RO         5256    CL$$btod_ediv       c_w.l(btod.o)
    0x08001ae2   0x08001ae2   0x0000002a   Code   RO         5255    CL$$btod_emul       c_w.l(btod.o)
    0x08001b0c   0x08001b0c   0x00000244   Code   RO         5261    CL$$btod_mult_common  c_w.l(btod.o)
    0x08001d50   0x08001d50   0x00000004   Code   RO         4951    i.BusFault_Handler  stm32f4xx_it.o
    0x08001d54   0x08001d54   0x0000001c   Code   RO         3191    i.DCMI_DMAError     stm32f4xx_hal_dcmi.o
    0x08001d70   0x08001d70   0x00000010   Code   RO         4354    i.DCMI_IRQHandler   dcmi.o
    0x08001d80   0x08001d80   0x000000b4   Code   RO         4355    i.DMA2_Stream1_IRQHandler  dcmi.o
    0x08001e34   0x08001e34   0x00000034   Code   RO         2838    i.DMA_CalcBaseAndBitshift  stm32f4xx_hal_dma.o
    0x08001e68   0x08001e68   0x000000aa   Code   RO         2839    i.DMA_CheckFifoParam  stm32f4xx_hal_dma.o
    0x08001f12   0x08001f12   0x00000020   Code   RO         1567    i.DMA_MultiBufferSetConfig  stm32f4xx_hal_dma_ex.o
    0x08001f32   0x08001f32   0x0000002c   Code   RO         2840    i.DMA_SetConfig     stm32f4xx_hal_dma.o
    0x08001f5e   0x08001f5e   0x00000002   Code   RO         4952    i.DebugMon_Handler  stm32f4xx_it.o
    0x08001f60   0x08001f60   0x00000002   Code   RO         3198    i.HAL_DCMI_ErrorCallback  stm32f4xx_hal_dcmi.o
    0x08001f62   0x08001f62   0x00000002   PAD
    0x08001f64   0x08001f64   0x00000048   Code   RO         4356    i.HAL_DCMI_FrameEventCallback  dcmi.o
    0x08001fac   0x08001fac   0x000000b0   Code   RO         3202    i.HAL_DCMI_IRQHandler  stm32f4xx_hal_dcmi.o
    0x0800205c   0x0800205c   0x00000092   Code   RO         3167    i.HAL_DCMI_Init     stm32f4xx_hal_dcmi_ex.o
    0x080020ee   0x080020ee   0x00000002   Code   RO         3204    i.HAL_DCMI_LineEventCallback  stm32f4xx_hal_dcmi.o
    0x080020f0   0x080020f0   0x0000010c   Code   RO         4357    i.HAL_DCMI_MspInit  dcmi.o
    0x080021fc   0x080021fc   0x00000002   Code   RO         3211    i.HAL_DCMI_VsyncEventCallback  stm32f4xx_hal_dcmi.o
    0x080021fe   0x080021fe   0x0000007c   Code   RO         1569    i.HAL_DMAEx_MultiBufferStart  stm32f4xx_hal_dma_ex.o
    0x0800227a   0x0800227a   0x000000aa   Code   RO         2841    i.HAL_DMA_Abort     stm32f4xx_hal_dma.o
    0x08002324   0x08002324   0x00000028   Code   RO         2842    i.HAL_DMA_Abort_IT  stm32f4xx_hal_dma.o
    0x0800234c   0x0800234c   0x00000070   Code   RO         2843    i.HAL_DMA_DeInit    stm32f4xx_hal_dma.o
    0x080023bc   0x080023bc   0x000000ec   Code   RO         2847    i.HAL_DMA_Init      stm32f4xx_hal_dma.o
    0x080024a8   0x080024a8   0x00000066   Code   RO         2850    i.HAL_DMA_Start     stm32f4xx_hal_dma.o
    0x0800250e   0x0800250e   0x00000002   PAD
    0x08002510   0x08002510   0x00000204   Code   RO          541    i.HAL_GPIO_Init     stm32f4xx_hal_gpio.o
    0x08002714   0x08002714   0x00000010   Code   RO          543    i.HAL_GPIO_ReadPin  stm32f4xx_hal_gpio.o
    0x08002724   0x08002724   0x00000014   Code   RO          544    i.HAL_GPIO_TogglePin  stm32f4xx_hal_gpio.o
    0x08002738   0x08002738   0x0000000c   Code   RO          545    i.HAL_GPIO_WritePin  stm32f4xx_hal_gpio.o
    0x08002744   0x08002744   0x0000000c   Code   RO           25    i.HAL_GetREVID      stm32f4xx_hal.o
    0x08002750   0x08002750   0x0000000c   Code   RO           26    i.HAL_GetTick       stm32f4xx_hal.o
    0x0800275c   0x0800275c   0x00000018   Code   RO           32    i.HAL_IncTick       stm32f4xx_hal.o
    0x08002774   0x08002774   0x00000030   Code   RO           33    i.HAL_Init          stm32f4xx_hal.o
    0x080027a4   0x080027a4   0x0000004c   Code   RO           34    i.HAL_InitTick      stm32f4xx_hal.o
    0x080027f0   0x080027f0   0x00000002   Code   RO           36    i.HAL_MspInit       stm32f4xx_hal.o
    0x080027f2   0x080027f2   0x00000020   Code   RO          399    i.HAL_NVIC_EnableIRQ  stm32f4xx_hal_cortex.o
    0x08002812   0x08002812   0x0000007c   Code   RO          405    i.HAL_NVIC_SetPriority  stm32f4xx_hal_cortex.o
    0x0800288e   0x0800288e   0x00000002   PAD
    0x08002890   0x08002890   0x00000028   Code   RO          406    i.HAL_NVIC_SetPriorityGrouping  stm32f4xx_hal_cortex.o
    0x080028b8   0x080028b8   0x00000184   Code   RO          605    i.HAL_RCC_ClockConfig  stm32f4xx_hal_rcc.o
    0x08002a3c   0x08002a3c   0x00000044   Code   RO          609    i.HAL_RCC_GetClockConfig  stm32f4xx_hal_rcc.o
    0x08002a80   0x08002a80   0x0000000c   Code   RO          610    i.HAL_RCC_GetHCLKFreq  stm32f4xx_hal_rcc.o
    0x08002a8c   0x08002a8c   0x00000020   Code   RO          612    i.HAL_RCC_GetPCLK1Freq  stm32f4xx_hal_rcc.o
    0x08002aac   0x08002aac   0x00000020   Code   RO          613    i.HAL_RCC_GetPCLK2Freq  stm32f4xx_hal_rcc.o
    0x08002acc   0x08002acc   0x000000b0   Code   RO          614    i.HAL_RCC_GetSysClockFreq  stm32f4xx_hal_rcc.o
    0x08002b7c   0x08002b7c   0x0000049c   Code   RO          617    i.HAL_RCC_OscConfig  stm32f4xx_hal_rcc.o
    0x08003018   0x08003018   0x00000034   Code   RO          410    i.HAL_SYSTICK_Config  stm32f4xx_hal_cortex.o
    0x0800304c   0x0800304c   0x00000002   Code   RO         2325    i.HAL_TIMEx_BreakCallback  stm32f4xx_hal_tim_ex.o
    0x0800304e   0x0800304e   0x00000002   Code   RO         2326    i.HAL_TIMEx_CommutCallback  stm32f4xx_hal_tim_ex.o
    0x08003050   0x08003050   0x00000066   Code   RO         1610    i.HAL_TIM_Base_Init  stm32f4xx_hal_tim.o
    0x080030b6   0x080030b6   0x00000002   PAD
    0x080030b8   0x080030b8   0x0000004c   Code   RO         4305    i.HAL_TIM_Base_MspInit  btim.o
    0x08003104   0x08003104   0x000000a8   Code   RO         1615    i.HAL_TIM_Base_Start_IT  stm32f4xx_hal_tim.o
    0x080031ac   0x080031ac   0x00000002   Code   RO         1644    i.HAL_TIM_IC_CaptureCallback  stm32f4xx_hal_tim.o
    0x080031ae   0x080031ae   0x00000196   Code   RO         1658    i.HAL_TIM_IRQHandler  stm32f4xx_hal_tim.o
    0x08003344   0x08003344   0x00000002   Code   RO         1661    i.HAL_TIM_OC_DelayElapsedCallback  stm32f4xx_hal_tim.o
    0x08003346   0x08003346   0x000000fc   Code   RO         1682    i.HAL_TIM_PWM_ConfigChannel  stm32f4xx_hal_tim.o
    0x08003442   0x08003442   0x00000066   Code   RO         1685    i.HAL_TIM_PWM_Init  stm32f4xx_hal_tim.o
    0x080034a8   0x080034a8   0x0000008c   Code   RO         4579    i.HAL_TIM_PWM_MspInit  servo.o
    0x08003534   0x08003534   0x00000002   Code   RO         1688    i.HAL_TIM_PWM_PulseFinishedCallback  stm32f4xx_hal_tim.o
    0x08003536   0x08003536   0x00000002   PAD
    0x08003538   0x08003538   0x0000010c   Code   RO         1690    i.HAL_TIM_PWM_Start  stm32f4xx_hal_tim.o
    0x08003644   0x08003644   0x00000034   Code   RO         4306    i.HAL_TIM_PeriodElapsedCallback  btim.o
    0x08003678   0x08003678   0x00000002   Code   RO         1701    i.HAL_TIM_TriggerCallback  stm32f4xx_hal_tim.o
    0x0800367a   0x0800367a   0x00000002   Code   RO         1211    i.HAL_UARTEx_RxEventCallback  stm32f4xx_hal_uart.o
    0x0800367c   0x0800367c   0x00000002   Code   RO         1225    i.HAL_UART_ErrorCallback  stm32f4xx_hal_uart.o
    0x0800367e   0x0800367e   0x00000002   PAD
    0x08003680   0x08003680   0x00000250   Code   RO         1228    i.HAL_UART_IRQHandler  stm32f4xx_hal_uart.o
    0x080038d0   0x080038d0   0x00000072   Code   RO         1229    i.HAL_UART_Init     stm32f4xx_hal_uart.o
    0x08003942   0x08003942   0x00000002   PAD
    0x08003944   0x08003944   0x000000cc   Code   RO         3456    i.HAL_UART_MspInit  usart.o
    0x08003a10   0x08003a10   0x00000042   Code   RO         1234    i.HAL_UART_Receive_IT  stm32f4xx_hal_uart.o
    0x08003a52   0x08003a52   0x00000002   PAD
    0x08003a54   0x08003a54   0x0000009c   Code   RO         3457    i.HAL_UART_RxCpltCallback  usart.o
    0x08003af0   0x08003af0   0x00000002   Code   RO         1240    i.HAL_UART_TxCpltCallback  stm32f4xx_hal_uart.o
    0x08003af2   0x08003af2   0x00000004   Code   RO         4953    i.HardFault_Handler  stm32f4xx_it.o
    0x08003af6   0x08003af6   0x00000004   Code   RO         4954    i.MemManage_Handler  stm32f4xx_it.o
    0x08003afa   0x08003afa   0x00000002   Code   RO         4955    i.NMI_Handler       stm32f4xx_it.o
    0x08003afc   0x08003afc   0x00000002   Code   RO         4956    i.PendSV_Handler    stm32f4xx_it.o
    0x08003afe   0x08003afe   0x00000002   PAD
    0x08003b00   0x08003b00   0x00000018   Code   RO         4801    i.SPOT_Detect_GetCenter  spot_detect.o
    0x08003b18   0x08003b18   0x0000000c   Code   RO         4804    i.SPOT_Detect_IsFound  spot_detect.o
    0x08003b24   0x08003b24   0x000003c0   Code   RO         4805    i.SPOT_Detect_Process  spot_detect.o
    0x08003ee4   0x08003ee4   0x00000002   Code   RO         4957    i.SVC_Handler       stm32f4xx_it.o
    0x08003ee6   0x08003ee6   0x00000002   PAD
    0x08003ee8   0x08003ee8   0x0000000c   Code   RO         4651    i.ServoTrack_GetMode  servo_track.o
    0x08003ef4   0x08003ef4   0x000000f4   Code   RO         4655    i.ServoTrack_Init   servo_track.o
    0x08003fe8   0x08003fe8   0x000000cc   Code   RO         4656    i.ServoTrack_ManualControl  servo_track.o
    0x080040b4   0x080040b4   0x00000810   Code   RO         4658    i.ServoTrack_Process  servo_track.o
    0x080048c4   0x080048c4   0x00000040   Code   RO         4662    i.ServoTrack_SetDeadZone  servo_track.o
    0x08004904   0x08004904   0x0000006c   Code   RO         4664    i.ServoTrack_SetMode  servo_track.o
    0x08004970   0x08004970   0x00000080   Code   RO         4665    i.ServoTrack_SetSmoothFactor  servo_track.o
    0x080049f0   0x080049f0   0x000000cc   Code   RO         4581    i.Servo_SelfTest_Dual  servo.o
    0x08004abc   0x08004abc   0x00000104   Code   RO         4582    i.Servo_SetAngle    servo.o
    0x08004bc0   0x08004bc0   0x0000002c   Code   RO         4583    i.Servo_SetAngleRange  servo.o
    0x08004bec   0x08004bec   0x00000058   Code   RO         4585    i.Servo_SetPulse    servo.o
    0x08004c44   0x08004c44   0x000000c4   Code   RO         4586    i.Servo_TIM2_Init   servo.o
    0x08004d08   0x08004d08   0x00000008   Code   RO         4958    i.SysTick_Handler   stm32f4xx_it.o
    0x08004d10   0x08004d10   0x00000014   Code   RO         5027    i.SystemInit        system_stm32f4xx.o
    0x08004d24   0x08004d24   0x00000044   Code   RO         3657    i.TIM4_IRQHandler   usmart_port.o
    0x08004d68   0x08004d68   0x00000010   Code   RO         4307    i.TIM6_DAC_IRQHandler  btim.o
    0x08004d78   0x08004d78   0x000000d8   Code   RO         1703    i.TIM_Base_SetConfig  stm32f4xx_hal_tim.o
    0x08004e50   0x08004e50   0x00000022   Code   RO         1704    i.TIM_CCxChannelCmd  stm32f4xx_hal_tim.o
    0x08004e72   0x08004e72   0x00000002   PAD
    0x08004e74   0x08004e74   0x00000070   Code   RO         1716    i.TIM_OC1_SetConfig  stm32f4xx_hal_tim.o
    0x08004ee4   0x08004ee4   0x0000007c   Code   RO         1717    i.TIM_OC2_SetConfig  stm32f4xx_hal_tim.o
    0x08004f60   0x08004f60   0x00000078   Code   RO         1718    i.TIM_OC3_SetConfig  stm32f4xx_hal_tim.o
    0x08004fd8   0x08004fd8   0x00000054   Code   RO         1719    i.TIM_OC4_SetConfig  stm32f4xx_hal_tim.o
    0x0800502c   0x0800502c   0x00000014   Code   RO         1242    i.UART_DMAAbortOnError  stm32f4xx_hal_uart.o
    0x08005040   0x08005040   0x00000036   Code   RO         1252    i.UART_EndRxTransfer  stm32f4xx_hal_uart.o
    0x08005076   0x08005076   0x00000020   Code   RO         1253    i.UART_EndTransmit_IT  stm32f4xx_hal_uart.o
    0x08005096   0x08005096   0x000000be   Code   RO         1255    i.UART_Receive_IT   stm32f4xx_hal_uart.o
    0x08005154   0x08005154   0x0000022c   Code   RO         1256    i.UART_SetConfig    stm32f4xx_hal_uart.o
    0x08005380   0x08005380   0x00000046   Code   RO         1258    i.UART_Start_Receive_IT  stm32f4xx_hal_uart.o
    0x080053c6   0x080053c6   0x00000060   Code   RO         1259    i.UART_Transmit_IT  stm32f4xx_hal_uart.o
    0x08005426   0x08005426   0x00000002   PAD
    0x08005428   0x08005428   0x00000010   Code   RO         3458    i.USART1_IRQHandler  usart.o
    0x08005438   0x08005438   0x00000004   Code   RO         4959    i.UsageFault_Handler  stm32f4xx_it.o
    0x0800543c   0x0800543c   0x00000030   Code   RO         5283    i.__ARM_fpclassify  m_wm.l(fpclassify.o)
    0x0800546c   0x0800546c   0x00000010   Code   RO          412    i.__NVIC_GetPriorityGrouping  stm32f4xx_hal_cortex.o
    0x0800547c   0x0800547c   0x00000028   Code   RO          413    i.__NVIC_SetPriority  stm32f4xx_hal_cortex.o
    0x080054a4   0x080054a4   0x0000003a   Code   RO         5166    i.__hardfp_sqrtf    m_wm.l(sqrtf.o)
    0x080054de   0x080054de   0x0000000e   Code   RO         5115    i._is_digit         c_w.l(__printf_wp.o)
    0x080054ec   0x080054ec   0x00000004   Code   RO         3460    i._sys_exit         usart.o
    0x080054f0   0x080054f0   0x0000002c   Code   RO         4308    i.btim_timx_int_init  btim.o
    0x0800551c   0x0800551c   0x000000c0   Code   RO         4666    i.coord_to_angles   servo_track.o
    0x080055dc   0x080055dc   0x00000040   Code   RO         4358    i.dcmi_cr_set       dcmi.o
    0x0800561c   0x0800561c   0x000000f0   Code   RO         4359    i.dcmi_dma_init     dcmi.o
    0x0800570c   0x0800570c   0x00000050   Code   RO         4360    i.dcmi_init         dcmi.o
    0x0800575c   0x0800575c   0x0000005c   Code   RO         4361    i.dcmi_set_window   dcmi.o
    0x080057b8   0x080057b8   0x00000034   Code   RO         4362    i.dcmi_start        dcmi.o
    0x080057ec   0x080057ec   0x00000034   Code   RO         4363    i.dcmi_stop         dcmi.o
    0x08005820   0x08005820   0x0000000c   Code   RO         3334    i.delay_init        delay.o
    0x0800582c   0x0800582c   0x00000012   Code   RO         3335    i.delay_ms          delay.o
    0x0800583e   0x0800583e   0x00000002   PAD
    0x08005840   0x08005840   0x00000048   Code   RO         3336    i.delay_us          delay.o
    0x08005888   0x08005888   0x0000006c   Code   RO         4476    i.esp8266_connect_ap  esp8266.o
    0x080058f4   0x080058f4   0x0000004c   Code   RO         4477    i.esp8266_connect_tcp_server  esp8266.o
    0x08005940   0x08005940   0x00000068   Code   RO         4478    i.esp8266_get_ip    esp8266.o
    0x080059a8   0x080059a8   0x00000494   Code   RO         4479    i.esp8266_init      esp8266.o
    0x08005e3c   0x08005e3c   0x0000004c   Code   RO         4480    i.esp8266_reset     esp8266.o
    0x08005e88   0x08005e88   0x00000060   Code   RO         4481    i.esp8266_restore   esp8266.o
    0x08005ee8   0x08005ee8   0x00000110   Code   RO         4482    i.esp8266_send_cmd  esp8266.o
    0x08005ff8   0x08005ff8   0x00000050   Code   RO         4483    i.esp8266_set_passthrough  esp8266.o
    0x08006048   0x08006048   0x00000034   Code   RO         4485    i.esp8266_set_wifi_mode  esp8266.o
    0x0800607c   0x0800607c   0x00000048   Code   RO         4486    i.esp8266_start_passthrough  esp8266.o
    0x080060c4   0x080060c4   0x000000d8   Code   RO         4487    i.esp8266_uart_init  esp8266.o
    0x0800619c   0x0800619c   0x0000001c   Code   RO         3462    i.fputc             usart.o
    0x080061b8   0x080061b8   0x00000094   Code   RO         4667    i.in_dead_zone      servo_track.o
    0x0800624c   0x0800624c   0x000000dc   Code   RO         4903    i.jpeg_data_process  main.o
    0x08006328   0x08006328   0x00000074   Code   RO         4904    i.jpeg_dcmi_rx_callback  main.o
    0x0800639c   0x0800639c   0x00000338   Code   RO         4905    i.jpeg_test         main.o
    0x080066d4   0x080066d4   0x0000013c   Code   RO         4080    i.key_init          key.o
    0x08006810   0x08006810   0x000000e8   Code   RO         4081    i.key_scan          key.o
    0x080068f8   0x080068f8   0x00000034   Code   RO         3820    i.lcd_clear         lcd.o
    0x0800692c   0x0800692c   0x00000120   Code   RO         3845    i.lcd_set_cursor    lcd.o
    0x08006a4c   0x08006a4c   0x00000170   Code   RO         3846    i.lcd_set_window    lcd.o
    0x08006bbc   0x08006bbc   0x00000018   Code   RO         3852    i.lcd_wr_data       lcd.o
    0x08006bd4   0x08006bd4   0x00000018   Code   RO         3853    i.lcd_wr_regno      lcd.o
    0x08006bec   0x08006bec   0x00000014   Code   RO         3854    i.lcd_write_ram_prepare  lcd.o
    0x08006c00   0x08006c00   0x00000098   Code   RO         3792    i.led_init          led.o
    0x08006c98   0x08006c98   0x0000003c   Code   RO         4668    i.limit_angle       servo_track.o
    0x08006cd4   0x08006cd4   0x000000b8   Code   RO         4906    i.main              main.o
    0x08006d8c   0x08006d8c   0x0000002c   Code   RO         4173    i.ov2640_auto_exposure  ov2640.o
    0x08006db8   0x08006db8   0x00000038   Code   RO         4174    i.ov2640_brightness  ov2640.o
    0x08006df0   0x08006df0   0x00000040   Code   RO         4176    i.ov2640_color_saturation  ov2640.o
    0x08006e30   0x08006e30   0x00000076   Code   RO         4177    i.ov2640_contrast   ov2640.o
    0x08006ea6   0x08006ea6   0x000000bc   Code   RO         4180    i.ov2640_image_win_set  ov2640.o
    0x08006f62   0x08006f62   0x00000050   Code   RO         4181    i.ov2640_imagesize_set  ov2640.o
    0x08006fb2   0x08006fb2   0x00000002   PAD
    0x08006fb4   0x08006fb4   0x00000170   Code   RO         4182    i.ov2640_init       ov2640.o
    0x08007124   0x08007124   0x0000004c   Code   RO         4183    i.ov2640_jpeg_mode  ov2640.o
    0x08007170   0x08007170   0x00000078   Code   RO         4184    i.ov2640_light_mode  ov2640.o
    0x080071e8   0x080071e8   0x00000088   Code   RO         4185    i.ov2640_outsize_set  ov2640.o
    0x08007270   0x08007270   0x0000004e   Code   RO         4186    i.ov2640_read_reg   ov2640.o
    0x080072be   0x080072be   0x0000007a   Code   RO         4188    i.ov2640_special_effects  ov2640.o
    0x08007338   0x08007338   0x0000009c   Code   RO         4189    i.ov2640_window_set  ov2640.o
    0x080073d4   0x080073d4   0x0000004a   Code   RO         4190    i.ov2640_write_reg  ov2640.o
    0x0800741e   0x0800741e   0x00000006   Code   RO         3533    i.read_addr         usmart.o
    0x08007424   0x08007424   0x0000000a   Code   RO         4114    i.sccb_delay        sccb.o
    0x0800742e   0x0800742e   0x00000002   PAD
    0x08007430   0x08007430   0x00000080   Code   RO         4115    i.sccb_init         sccb.o
    0x080074b0   0x080074b0   0x00000050   Code   RO         4116    i.sccb_nack         sccb.o
    0x08007500   0x08007500   0x00000050   Code   RO         4117    i.sccb_read_byte    sccb.o
    0x08007550   0x08007550   0x000000a0   Code   RO         4118    i.sccb_send_byte    sccb.o
    0x080075f0   0x080075f0   0x00000048   Code   RO         4119    i.sccb_start        sccb.o
    0x08007638   0x08007638   0x00000040   Code   RO         4120    i.sccb_stop         sccb.o
    0x08007678   0x08007678   0x000000dc   Code   RO         3389    i.sys_stm32_clock_init  sys.o
    0x08007754   0x08007754   0x000000d0   Code   RO         4439    i.usart2_init       usart2.o
    0x08007824   0x08007824   0x00000038   Code   RO         3463    i.usart_init        usart.o
    0x0800785c   0x0800785c   0x000000b0   Code   RO         3534    i.usmart_cmd_rec    usmart.o
    0x0800790c   0x0800790c   0x000002d4   Code   RO         3535    i.usmart_exe        usmart.o
    0x08007be0   0x08007be0   0x000000d4   Code   RO         3708    i.usmart_get_aparm  usmart_str.o
    0x08007cb4   0x08007cb4   0x00000036   Code   RO         3709    i.usmart_get_cmdname  usmart_str.o
    0x08007cea   0x08007cea   0x00000002   PAD
    0x08007cec   0x08007cec   0x000001c0   Code   RO         3710    i.usmart_get_fname  usmart_str.o
    0x08007eac   0x08007eac   0x0000010c   Code   RO         3711    i.usmart_get_fparam  usmart_str.o
    0x08007fb8   0x08007fb8   0x00000028   Code   RO         3658    i.usmart_get_input_string  usmart_port.o
    0x08007fe0   0x08007fe0   0x00000020   Code   RO         3712    i.usmart_get_parmpos  usmart_str.o
    0x08008000   0x08008000   0x00000028   Code   RO         3536    i.usmart_init       usmart.o
    0x08008028   0x08008028   0x00000016   Code   RO         3713    i.usmart_pow        usmart_str.o
    0x0800803e   0x0800803e   0x00000002   PAD
    0x08008040   0x08008040   0x000000a8   Code   RO         3537    i.usmart_scan       usmart.o
    0x080080e8   0x080080e8   0x00000016   Code   RO         3714    i.usmart_search_nextc  usmart_str.o
    0x080080fe   0x080080fe   0x00000106   Code   RO         3715    i.usmart_str2num    usmart_str.o
    0x08008204   0x08008204   0x00000022   Code   RO         3716    i.usmart_strcmp     usmart_str.o
    0x08008226   0x08008226   0x00000016   Code   RO         3717    i.usmart_strcopy    usmart_str.o
    0x0800823c   0x0800823c   0x00000018   Code   RO         3718    i.usmart_strlen     usmart_str.o
    0x08008254   0x08008254   0x000006f4   Code   RO         3538    i.usmart_sys_cmd_exe  usmart.o
    0x08008948   0x08008948   0x00000044   Code   RO         3659    i.usmart_timx_get_time  usmart_port.o
    0x0800898c   0x0800898c   0x00000064   Code   RO         3660    i.usmart_timx_init  usmart_port.o
    0x080089f0   0x080089f0   0x00000034   Code   RO         3661    i.usmart_timx_reset_time  usmart_port.o
    0x08008a24   0x08008a24   0x00000004   Code   RO         3539    i.write_addr        usmart.o
    0x08008a28   0x08008a28   0x00000030   Code   RO         4669    i.x_dir_name        servo_track.o
    0x08008a58   0x08008a58   0x0000002c   Code   RO         4670    i.y_dir_name        servo_track.o
    0x08008a84   0x08008a84   0x0000002c   Code   RO         5279    locale$$code        c_w.l(lc_numeric_c.o)
    0x08008ab0   0x08008ab0   0x0000002c   Code   RO         5356    locale$$code        c_w.l(lc_ctype_c.o)
    0x08008adc   0x08008adc   0x0000000c   Code   RO         5209    x$fpl$dretinf       fz_wm.l(dretinf.o)
    0x08008ae8   0x08008ae8   0x00000056   Code   RO         5162    x$fpl$f2d           fz_wm.l(f2d.o)
    0x08008b3e   0x08008b3e   0x0000008c   Code   RO         5211    x$fpl$fnaninf       fz_wm.l(fnaninf.o)
    0x08008bca   0x08008bca   0x0000000a   Code   RO         5364    x$fpl$fpinit        fz_wm.l(fpinit.o)
    0x08008bd4   0x08008bd4   0x00000004   Code   RO         5164    x$fpl$printf1       fz_wm.l(printf1.o)
    0x08008bd8   0x08008bd8   0x00000000   Code   RO         5213    x$fpl$usenofp       fz_wm.l(usenofp.o)
    0x08008bd8   0x08008bd8   0x00000008   Data   RO         2853    .constdata          stm32f4xx_hal_dma.o
    0x08008be0   0x08008be0   0x00000328   Data   RO         4191    .constdata          ov2640.o
    0x08008f08   0x08008f08   0x00000034   Data   RO         4908    .constdata          main.o
    0x08008f3c   0x08008f3c   0x00000018   Data   RO         5028    .constdata          system_stm32f4xx.o
    0x08008f54   0x08008f54   0x00000028   Data   RO         5097    .constdata          c_w.l(_printf_hex_int_ptr.o)
    0x08008f7c   0x08008f7c   0x00000011   Data   RO         5123    .constdata          c_w.l(__printf_flags_ss_wp.o)
    0x08008f8d   0x08008f8d   0x00000003   PAD
    0x08008f90   0x08008f90   0x00000094   Data   RO         5250    .constdata          c_w.l(bigflt0.o)
    0x08009024   0x08009024   0x00000028   Data   RO         3540    .conststring        usmart.o
    0x0800904c   0x0800904c   0x000003e7   Data   RO         3615    .conststring        usmart_config.o
    0x08009433   0x08009433   0x00000001   PAD
    0x08009434   0x08009434   0x0000012f   Data   RO         4672    .conststring        servo_track.o
    0x08009563   0x08009563   0x00000001   PAD
    0x08009564   0x08009564   0x00000096   Data   RO         4814    .conststring        spot_detect.o
    0x080095fa   0x080095fa   0x00000002   PAD
    0x080095fc   0x080095fc   0x0000008f   Data   RO         4909    .conststring        main.o
    0x0800968b   0x0800968b   0x00000001   PAD
    0x0800968c   0x0800968c   0x00000030   Data   RO         5424    Region$$Table       anon$$obj.o
    0x080096bc   0x080096bc   0x0000001c   Data   RO         5278    locale$$data        c_w.l(lc_numeric_c.o)
    0x080096d8   0x080096d8   0x00000110   Data   RO         5355    locale$$data        c_w.l(lc_ctype_c.o)


    Execution Region RW_IRAM2 (Exec base: 0x10000000, Load base: 0x080097e8, Size: 0x00000cb8, Max: 0x00010000, ABSOLUTE, COMPRESSED[0x00000110])

    Exec Addr    Load Addr    Size         Type   Attr      Idx    E Section Name        Object

    0x10000000   COMPRESSED   0x00000009   Data   RW           40    .data               stm32f4xx_hal.o
    0x10000009   COMPRESSED   0x00000003   PAD
    0x1000000c   COMPRESSED   0x00000004   Data   RW         3337    .data               delay.o
    0x10000010   COMPRESSED   0x00000007   Data   RW         3465    .data               usart.o
    0x10000017   COMPRESSED   0x00000001   PAD
    0x10000018   COMPRESSED   0x0000001c   Data   RW         3541    .data               usmart.o
    0x10000034   COMPRESSED   0x00000194   Data   RW         3616    .data               usmart_config.o
    0x100001c8   COMPRESSED   0x00000001   Data   RW         4082    .data               key.o
    0x100001c9   COMPRESSED   0x00000003   PAD
    0x100001cc   COMPRESSED   0x00000008   Data   RW         4365    .data               dcmi.o
    0x100001d4   COMPRESSED   0x00000002   Data   RW         4489    .data               esp8266.o
    0x100001d6   COMPRESSED   0x00000002   PAD
    0x100001d8   COMPRESSED   0x00000018   Data   RW         4588    .data               servo.o
    0x100001f0   COMPRESSED   0x0000000f   Data   RW         4673    .data               servo_track.o
    0x100001ff   COMPRESSED   0x00000001   PAD
    0x10000200   COMPRESSED   0x00000023   Data   RW         4815    .data               spot_detect.o
    0x10000223   COMPRESSED   0x00000001   PAD
    0x10000224   COMPRESSED   0x0000005c   Data   RW         4910    .data               main.o
    0x10000280   COMPRESSED   0x00000004   Data   RW         5029    .data               system_stm32f4xx.o
    0x10000284        -       0x0000010c   Zero   RW         3464    .bss                usart.o
    0x10000390        -       0x00000048   Zero   RW         3662    .bss                usmart_port.o
    0x100003d8        -       0x0000005e   Zero   RW         3856    .bss                lcd.o
    0x10000436   COMPRESSED   0x00000002   PAD
    0x10000438        -       0x00000048   Zero   RW         4309    .bss                btim.o
    0x10000480        -       0x000000a0   Zero   RW         4364    .bss                dcmi.o
    0x10000520        -       0x00000088   Zero   RW         4440    .bss                usart2.o
    0x100005a8        -       0x00000200   Zero   RW         4488    .bss                esp8266.o
    0x100007a8        -       0x00000080   Zero   RW         4587    .bss                servo.o
    0x10000828        -       0x0000002c   Zero   RW         4671    .bss                servo_track.o
    0x10000854        -       0x00000060   Zero   RW         5286    .bss                c_w.l(libspace.o)
    0x100008b4   COMPRESSED   0x00000004   PAD
    0x100008b8        -       0x00000000   Zero   RW            2    HEAP                startup_stm32f407xx.o
    0x100008b8        -       0x00000400   Zero   RW            1    STACK               startup_stm32f407xx.o


    Execution Region RW_IRAM1 (Exec base: 0x20000000, Load base: 0x080097e8, Size: 0x0001f000, Max: 0x00020000, ABSOLUTE)

    Exec Addr    Load Addr    Size         Type   Attr      Idx    E Section Name        Object

    0x20000000        -       0x0001f000   Zero   RW         4907    .bss                main.o


==============================================================================

Image component sizes


      Code (inc. data)   RO Data    RW Data    ZI Data      Debug   Object Name

       188         50          0          0         72       3060   btim.o
      1116        116          0          8        160       7180   dcmi.o
       102         10          0          4          0       2003   delay.o
      2324       1246          0          2        512       8817   esp8266.o
       548         28          0          1          0       1934   key.o
       776         44          0          0         94       7757   lcd.o
       152         10          0          0          0        967   led.o
      1344        256        195         92     126976       4666   main.o
      1680         58        808          0          0      11709   ov2640.o
       594         32          0          0          0       4443   sccb.o
       932         78          0         24        128       5454   servo.o
      3316        844        303         15         44      11922   servo_track.o
       996        336        150         35          0       4116   spot_detect.o
        76         28        392          0       1024        996   startup_stm32f407xx.o
       174         34          0          9          0     718890   stm32f4xx_hal.o
       304         22          0          0          0      34627   stm32f4xx_hal_cortex.o
       210          6          0          0          0       3670   stm32f4xx_hal_dcmi.o
       146          0          0          0          0       1148   stm32f4xx_hal_dcmi_ex.o
       926         10          8          0          0       6799   stm32f4xx_hal_dma.o
       156          0          0          0          0       2137   stm32f4xx_hal_dma_ex.o
       564         46          0          0          0       3548   stm32f4xx_hal_gpio.o
      1888         94          0          0          0       6449   stm32f4xx_hal_rcc.o
      1996        142          0          0          0      12410   stm32f4xx_hal_tim.o
         4          0          0          0          0       1637   stm32f4xx_hal_tim_ex.o
      1796         16          0          0          0      10116   stm32f4xx_hal_uart.o
        32          0          0          0          0       4346   stm32f4xx_it.o
       220         12          0          0          0       1383   sys.o
        20          6         24          4          0       1407   system_stm32f4xx.o
       464         60          0          7        268       5741   usart.o
       208         16          0          0        136       1422   usart2.o
      2898       1308         40         28          0       6130   usmart.o
         0          0        999        404          0       1660   usmart_config.o
       328         50          0          0         72       3602   usmart_port.o
      1400         20          0          0          0       9593   usmart_str.o

    ----------------------------------------------------------------------
     27912       4978       2972        644     129488     911739   Object Totals
         0          0         48          0          0          0   (incl. Generated)
        34          0          5         11          2          0   (incl. Padding)

    ----------------------------------------------------------------------

      Code (inc. data)   RO Data    RW Data    ZI Data      Debug   Library Member Name

        60          8          0          0          0         84   __0sscanf.o
        90          0          0          0          0          0   __dczerorl2.o
         8          0          0          0          0         68   __main.o
       392          4         17          0          0         92   __printf_flags_ss_wp.o
        14          0          0          0          0         68   __printf_wp.o
         0          0          0          0          0          0   __rtentry.o
        12          0          0          0          0          0   __rtentry2.o
         6          0          0          0          0          0   __rtentry4.o
        52          8          0          0          0          0   __scatter.o
        28          0          0          0          0          0   __scatter_zi.o
         6          0          0          0          0          0   _printf_c.o
        44          0          0          0          0        108   _printf_char.o
        48          6          0          0          0         96   _printf_char_common.o
        36          4          0          0          0         80   _printf_char_file.o
         6          0          0          0          0          0   _printf_d.o
       120         16          0          0          0         92   _printf_dec.o
         6          0          0          0          0          0   _printf_f.o
      1054          0          0          0          0        216   _printf_fp_dec.o
       128         16          0          0          0         84   _printf_fp_infnan.o
       124          4         40          0          0        144   _printf_hex_int_ptr.o
       178          0          0          0          0         88   _printf_intcommon.o
        78          0          0          0          0        108   _printf_pad.o
         0          0          0          0          0          0   _printf_percent.o
         4          0          0          0          0          0   _printf_percent_end.o
         6          0          0          0          0          0   _printf_s.o
        82          0          0          0          0         80   _printf_str.o
         6          0          0          0          0          0   _printf_u.o
         6          0          0          0          0          0   _printf_x.o
        22          0          0          0          0        100   _rserrno.o
       884          6          0          0          0        100   _scanf.o
       224          0          0          0          0         96   _scanf_str.o
        64          0          0          0          0         84   _sgetc.o
        10          0          0          0          0         68   _sputc.o
       228          4        148          0          0         96   bigflt0.o
      1936        128          0          0          0        672   btod.o
        18          0          0          0          0         80   exit.o
         8          0          0          0          0         68   ferror.o
         6          0          0          0          0        152   heapauxi.o
        18          0          0          0          0         76   isspace.o
        44         10        272          0          0         76   lc_ctype_c.o
        44         10         28          0          0         76   lc_numeric_c.o
         2          0          0          0          0          0   libinit.o
        34          0          0          0          0          0   libinit2.o
         2          0          0          0          0          0   libshutdown.o
         2          0          0          0          0          0   libshutdown2.o
         8          4          0          0         96         68   libspace.o
       138          0          0          0          0         80   lludiv10.o
       238          0          0          0          0        100   lludivv7m.o
        24          4          0          0          0         84   noretval__2printf.o
        40          6          0          0          0         84   noretval__2sprintf.o
        16          4          0          0          0         76   rt_ctype_table.o
         8          4          0          0          0         68   rt_errno_addr_intlibspace.o
         8          4          0          0          0         68   rt_locale_intlibspace.o
        68          0          0          0          0         68   rt_memclr.o
        78          0          0          0          0         80   rt_memclr_w.o
         2          0          0          0          0          0   rtexit.o
        10          0          0          0          0          0   rtexit2.o
        44          8          0          0          0         84   scanf_char.o
       128          0          0          0          0         68   strcmpv7m.o
        62          0          0          0          0         76   strlen.o
        36          0          0          0          0         80   strstr.o
        74          0          0          0          0         80   sys_stackheap_outer.o
         2          0          0          0          0         68   use_no_semi.o
         2          0          0          0          0         68   use_no_semi_2.o
        12          0          0          0          0        116   dretinf.o
        86          4          0          0          0        132   f2d.o
       140          4          0          0          0        132   fnaninf.o
        10          0          0          0          0        116   fpinit.o
         4          0          0          0          0        116   printf1.o
         0          0          0          0          0          0   usenofp.o
        48          0          0          0          0        124   fpclassify.o
        58          0          0          0          0        136   sqrtf.o

    ----------------------------------------------------------------------
      7496        266        508          0        100       5324   Library Totals
        12          0          3          0          4          0   (incl. Padding)

    ----------------------------------------------------------------------

      Code (inc. data)   RO Data    RW Data    ZI Data      Debug   Library Name

      7126        258        505          0         96       4452   c_w.l
       252          8          0          0          0        612   fz_wm.l
       106          0          0          0          0        260   m_wm.l

    ----------------------------------------------------------------------
      7496        266        508          0        100       5324   Library Totals

    ----------------------------------------------------------------------

==============================================================================


      Code (inc. data)   RO Data    RW Data    ZI Data      Debug   

     35408       5244       3480        644     129588     895367   Grand Totals
     35408       5244       3480        272     129588     895367   ELF Image Totals (compressed)
     35408       5244       3480        272          0          0   ROM Totals

==============================================================================

    Total RO  Size (Code + RO Data)                38888 (  37.98kB)
    Total RW  Size (RW Data + ZI Data)            130232 ( 127.18kB)
    Total ROM Size (Code + RO Data + RW Data)      39160 (  38.24kB)

==============================================================================

